[ccvcl.org/index.html]
[backblue.gif]
[fade.gif]
[index.html]
[ccvcl.org/wp-includes/js/jquery/jquery.minf43b.js]
[ccvcl.org/wp-includes/js/jquery/jquery-migrate.min5589.js]
[ccvcl.org/wp-content/themes/bradbury-custom/js/superfish.min68b3.js]
[ccvcl.org/wp-content/themes/bradbury-custom/js/jquery.flexslider-min68b3.js]
[ccvcl.org/wp-json/wp/v2/pages/84.json]
[ccvcl.org/wp-json/index.html]
[ccvcl.org/xmlrpc0db0.php]
[ccvcl.org/wp-json/oembed/1.0/embed5424.json]
[ccvcl.org/wp-json/oembed/1.0/embed9a2a]
[ccvcl.org/wp-content/uploads/2018/11/cropped-ccvcl_logo-32x32.png]
[ccvcl.org/wp-content/uploads/2018/11/cropped-ccvcl_logo-192x192.png]
[ccvcl.org/wp-content/uploads/2018/11/cropped-ccvcl_logo-180x180.png]
[ccvcl.org/wp-content/uploads/2018/11/ccvcl_logo.png]
[ccvcl.org/wp-content/uploads/2024/05/Inclusify-Zahn-Grand-Prize-Social-Impact-2024.pdf]
[ccvcl.org/ic-cae-ai4ia/index.html]
[ccvcl.org/wp-content/uploads/2024/05/EmployAble-Zahn_Second_Prize-Social-Impact-2024-scaled.jpg]
[ccvcl.org/wp-content/uploads/2024/05/Jiawei-Liu-GC-Poster-Competition-2024.jpg]
[ccvcl.org/wp-content/uploads/2024/09/CUNY-GC_PhD-Thesis_Xuan_Wang-2024.pdf]
[ccvcl.org/wp-content/uploads/2023/11/20231010-Ribbon-Copy-SYSTEM-AND-METHOD-FOR-REAL-TIME-INDOOR-NAVIGATION.pdf]
[ccvcl.org/smart-and-accessible-transportation-hub/index.html]
[ccvcl.org/wp-content/uploads/2023/06/Congratulations-to-our-2023-Cohort-and-Prize-Winners-Zhigang-Zhu_compressed.pdf]
[ccvcl.org/wp-content/uploads/2023/08/JL_Thesis.pdf]
[ccvcl.org/wp-content/uploads/2023/08/JinChen_MasterThesis_ObjectDetectionSystem.pdf]
[ccvcl.org/wp-content/uploads/2022/06/Zahn-Software-Grand-Prize-Autism-Bridge-2022.png]
[ccvcl.org/wp-content/uploads/2022/06/CREATE-Prizes-Both-SS-and-ASLNow-scaled.jpg]
[ccvcl.org/previous-activities/index.html]
[ccvcl.org/people/index.html]
[ccvcl.org/research-projects/index.html]
[ccvcl.org/publications/index.html]
[ccvcl.org/wp-login.html]
[ccvcl.org/courses/index.html]
[ccvcl.org/wp-content/themes/bradbury-custom/js/bradbury6b25.js]
[ccvcl.org/index.html]
[ccvcl.org/wp-includes/css/dist/block-library/style.min1e39.css]
[ccvcl.org/wp-content/themes/bradbury-custom/fonts/open-sans-v27-latin_cyrillic-regular.woff2]
[ccvcl.org/wp-content/themes/bradbury-custom/fonts/open-sans-v27-latin_cyrillic-regular.woff]
[ccvcl.org/wp-content/themes/bradbury-custom/fonts/open-sans-v27-latin_cyrillic-600.woff2]
[ccvcl.org/wp-content/themes/bradbury-custom/fonts/open-sans-v27-latin_cyrillic-600.woff]
[ccvcl.org/wp-content/themes/bradbury-custom/fonts/open-sans-v27-latin_cyrillic-700.woff2]
[ccvcl.org/wp-content/themes/bradbury-custom/fonts/open-sans-v27-latin_cyrillic-700.woff]
[ccvcl.org/wp-content/themes/bradbury-custom/fonts/open-sans-v27-latin_cyrillic-italic.woff2]
[ccvcl.org/wp-content/themes/bradbury-custom/fonts/open-sans-v27-latin_cyrillic-italic.woff]
[ccvcl.org/wp-content/themes/bradbury-custom/fonts/open-sans-v27-latin_cyrillic-600italic.woff2]
[ccvcl.org/wp-content/themes/bradbury-custom/fonts/open-sans-v27-latin_cyrillic-600italic.woff]
[ccvcl.org/wp-content/themes/bradbury-custom/images/sprite-arrows.png]
[ccvcl.org/wp-content/themes/bradbury-custom/style6b25.css]
[ccvcl.org/wp-content/themes/bradbury-custom/fonts/icomoon7ae8.ttf]
[ccvcl.org/wp-content/themes/bradbury-custom/fonts/icomoon7ae8.woff]
[ccvcl.org/wp-content/themes/bradbury-custom/css/icomoon6b25.css]
[ccvcl.org/wp-json/wp/v2/pages/1750.json]
[ccvcl.org/wp-json/oembed/1.0/embed1243.json]
[ccvcl.org/wp-json/oembed/1.0/embed6685]
[ccvcl.org/wp-content/uploads/2021/04/AI4IA-Logo-3-1024x325.jpg]
[ccvcl.org/wp-content/uploads/2021/04/banner-1024x523.jpg]
[ccvcl.org/ic-cae-ai4ia/index.html]
[ccvcl.org/ic-cae-ai4ia/ai4ia-rakesh-teddy-kumar/index.html]
[ccvcl.org/ic-cae-ai4ia/ai4ia-colloquium-speaker-erik-blasch/index.html]
[ccvcl.org/ic-cae-ai4ia/ai4ia-colloquium-speaker-fred-roberts/index.html]
[ccvcl.org/ic-cae-ai4ia/ai4ia-colloquium-speaker-greg-olmschenk/index.html]
[ccvcl.org/ic-cae-ai4ia/ai4ia-colloquium-panel-benjamin-rosado-jin-chen-and-tyler-franklin/index.html]
[ccvcl.org/wp-json/wp/v2/pages/361.json]
[ccvcl.org/ic-cae-ai4ia/ai4ia-colloquium-speaker-mubarak-shah/index.html]
[ccvcl.org/wp-json/oembed/1.0/embed3aca.json]
[ccvcl.org/wp-content/uploads/2024/09/CUNY-GC_PhD-Thesis_Xuan_Wang-2024.pdf]
[ccvcl.org/wp-json/oembed/1.0/embed0424]
[ccvcl.org/smart-and-accessible-transportation-hub/index.html]
[ccvcl.org/wp-content/uploads/2023/11/20231010-Ribbon-Copy-SYSTEM-AND-METHOD-FOR-REAL-TIME-INDOOR-NAVIGATION.pdf]
[ccvcl.org/wp-content/uploads/2023/08/JL_Thesis.pdf]
[ccvcl.org/wp-content/uploads/2023/08/JinChen_MasterThesis_ObjectDetectionSystem.pdf]
[ccvcl.org/wp-json/wp/v2/posts/338.json]
[ccvcl.org/wp-json/oembed/1.0/embed97a7.json]
[ccvcl.org/wp-json/oembed/1.0/embedc071]
[ccvcl.org/wp-content/uploads/2023/08/SnapshotNet__Self_supervised_Feature_Learning_for_Point_Cloud_Data_Segmentation_Using_Minimal_Labeled_Data-Alex-Li.pdf]
[ccvcl.org/category/uncategorized/index.html]
[ccvcl.org/wp-content/uploads/2020/09/Winner-Announcement-Best-Poster-Competition.png]
[ccvcl.org/wp-content/uploads/2023/08/iASSIST_Capstone_Thesis_Yaohua_2020Final-version-OLD.pdf]
[ccvcl.org/olmschenk-dissertation/index.html]
[ccvcl.org/wp-content/uploads/2019/08/OlmschenkDefenseSummarySlides-2019-.pdf]
[ccvcl.org/wp-content/uploads/2023/08/Ling-Zhang-Thesis.pdf]
[ccvcl.org/wp-content/uploads/2023/08/Farnaz-Abtahi-Thesis_Final_Revised-zz.pdf]
[ccvcl.org/wp-content/uploads/2023/08/Thesis_Wei_Revision_zz.pdf]
[ccvcl.org/wp-content/uploads/2023/08/Feng_HU-Dissertation_Write_Up.pdf]
[ccvcl.org/wp-content/uploads/2023/08/WaiKhoo_Dissertation_Final.pdf]
[ccvcl.org/wp-content/uploads/2023/08/edgardo-molina-thesis-final.pdf]
[ccvcl.org/_khoo/REM2014.1.43.delayed]
[ccvcl.org/previous-activities/index.html]
[ccvcl.org/wp-content/uploads/2023/08/PhD_Dissertation_Tao_Wang-draft.pdf]
[ccvcl.org/wp-json/wp/v2/pages/91.json]
[ccvcl.org/wp-json/oembed/1.0/embed26cc.json]
[ccvcl.org/wp-json/oembed/1.0/embed62ab]
[ccvcl.org/wp-content/uploads/2023/06/CcvcL-Screenshot-2023-06-09-at-12.55.19-PM-All.png]
[ccvcl.org/wp-content/uploads/2020/09/CCVCL-October-2020-Group-Picture-12-1.jpg]
[ccvcl.org/people/index.html]
[ccvcl.org/professor-zhigang-zhu/index.html]
[ccvcl.org/greg-olmschenk/index.html]
[ccvcl.org/wp-json/wp/v2/pages/93.json]
[ccvcl.org/_fhu/index.html]
[ccvcl.org/wp-json/oembed/1.0/embed8a89.json]
[ccvcl.org/wp-json/oembed/1.0/embed2f79]
[ccvcl.org/research-projects/index.html]
[ccvcl.org/multimodal-collaborative-sensing-and-identification-using-deep-learning-for-intelligence-surveillance-and-reconnaissance-isr-applications/index.html]
[ccvcl.org/course-and-program-assistive-technologies-for-the-blind/index.html]
[ccvcl.org/wp-json/wp/v2/pages/102.json]
[ccvcl.org/efri-m3c-map4vip-man-machine-co-learning-for-visually-impaired-people/index.html]
[ccvcl.org/wp-json/oembed/1.0/embed51a7.json]
[ccvcl.org/a-system-approach-to-adaptive-multi-modal-sensor-designs/index.html]
[ccvcl.org/wp-json/oembed/1.0/embeded43]
[ccvcl.org/nsf-computing-research-infrastructure-cri-program-center-of-perceptual-robotics-intelligent-sensors-and-machines-prism/index.html]
[ccvcl.org/wp-content/uploads/2024/09/VISIGRAPP-2023-best-papers-Absolute-ROMP.pdf]
[ccvcl.org/cb3m-content-based-3d-mosaics-with-dynamic-pushbroom-stereo/index.html]
[ccvcl.org/wp-content/uploads/2024/04/information-2912491.pdf]
[ccvcl.org/cooperative-wall-climbing-robots-for-surveillance-and-target-tracking/index.html]
[ccvcl.org/wp-content/uploads/2024/02/MMBEE_Multimedia_Smart_Conference-Final.pdf]
[ccvcl.org/single-array-multimodal-sensing-with-hyperspctral-polarization-and-high-accurate-3d-measurements/index.html]
[ccvcl.org/wp-content/uploads/2024/02/ICSM24_0046_FI.pdf]
[ccvcl.org/gamma-x-ray-linear-pushbroom-stereo-for-3d-cargo-inspection/index.html]
[ccvcl.org/wp-content/uploads/2023/11/MAC-You-Vision_URTC_manuscript_final_submit.pdf]
[ccvcl.org/remote-hearing-multimodal-human-signature-detection-via-ptz-ir-and-ldv-sensors/index.html]
[ccvcl.org/wp-content/uploads/2023/06/eenergy23companion_1-4.pdf]
[ccvcl.org/ieee-nsf-workshop-on-multimodal-and-alternative-perception-for-visually-impaired-people-map4vip/index.html]
[ccvcl.org/wp-content/uploads/2023/06/IMPROVE_2023_26_CR-1.pdf]
[ccvcl.org/i-corpstransforming-2d-video-into-an-interactive-3d-viewing-experience/index.html]
[ccvcl.org/wp-content/uploads/2023/03/Vegetation-and-Amenity-Mapping-IMPROVE2023_Camera-Ready-8p.pdf]
[ccvcl.org/virtualized-classroom-the-next-generation-e-learning-system/index.html]
[ccvcl.org/wp-content/uploads/2023/03/Absolute-ROMP-VISAPP-2023.pdf]
[ccvcl.org/2d-parallel-mosaics-for-under-vehicle-inspection/index.html]
[ccvcl.org/wp-content/uploads/2023/03/Context-VISAPP2023-Final.pdf]
[ccvcl.org/high-accuracy-on-line-measurement-system-of-important-parts/index.html]
[ccvcl.org/wp-content/uploads/2022/06/ARSO2022-AssistiveIndoorNavigation-CameraReady-Rev.pdf]
[ccvcl.org/panoramic-virtual-stereo-and-human-tracking-in-a-smart-room/index.html]
[ccvcl.org/wp-content/uploads/2022/04/IMPROVE_2022_15_CR.pdf]
[ccvcl.org/geo-registered-mosaicing-and-stereo-mosaicing-for-environmental-monitoring/index.html]
[ccvcl.org/wp-content/uploads/2021/08/IST-2021-ADI-Final.pdf]
[ccvcl.org/prism-parallel-ray-interpolation-for-stereo-mosaicing/index.html]
[ccvcl.org/wp-content/uploads/2021/08/IST_2021_Submission_HLSM_Final.pdf]
[ccvcl.org/lamp-3d-layered-adaptive-resolution-and-multi-perspective-panorama/index.html]
[ccvcl.org/wp-content/uploads/2021/07/egpgv_2021_unitypic_camera_ready_v2_compressed.pdf]
[ccvcl.org/video-stabilization-camera-stabilization-based-on-2-5d-motion-estimation-and-inertial-motion-filtering/index.html]
[ccvcl.org/wp-content/uploads/2021/03/CCNY-BEAT-for-ISEC-2021-Camera-Ready.pdf]
[ccvcl.org/post-visual-navigation-by-integrating-panoramic-vision-omnidirectional-vision-and-stereo-vision/index.html]
[ccvcl.org/wp-content/uploads/2020/12/VISAPP21__Snapshot_based_self_supervised_learning.pdf]
[ccvcl.org/visatram-a-vision-system-for-automatic-traffic-monitoring/index.html]
[ccvcl.org/wp-content/uploads/2020/12/ASSIST-AI4SG-IJCAI-2021-camera-ready.pdf]
[ccvcl.org/localization-and-recognition-of-characters-and-numbers-on-moving-freight-trains/index.html]
[ccvcl.org/wp-content/uploads/2021/01/SAT-Hub-and-ASSIST-Zhu-AI4SG-2021-Poster.pdf]
[ccvcl.org/wp-content/uploads/2020/11/Social-Distancing-AAAI_AI4SG-2020.pdf]
[ccvcl.org/wp-content/uploads/2020/09/1433-camera-ready-final.pdf]
[ccvcl.org/wp-content/uploads/2020/12/ParaShop_MIT_Final_v-accepted.pdf]
[ccvcl.org/wp-content/uploads/2020/12/ShareCare_MIT_URTC_Camera_Ready.pdf]
[ccvcl.org/wp-content/uploads/2020/09/ASSIST-JAT-Paper-Accepted-Manuscript-2020.pdf]
[ccvcl.org/wp-content/uploads/2020/07/iASSIST_IEEE_IRI_2020_No-8-Cemera-Ready.pdf]
[ccvcl.org/wp-content/uploads/2020/07/sat-hub-ai-for-social-good-2020.pdf]
[ccvcl.org/wp-content/uploads/2020/07/SAT-Hub-Zhu-AI4SG-2000-Poster.png]
[ccvcl.org/wp-content/uploads/2020/07/Zhu2020_ReferenceWorkEntry_VideoMosaicing.pdf]
[ccvcl.org/wp-content/uploads/2020/04/Zhu2020_ReferenceWorkEntry_VideoMosaicing.pdf]
[ccvcl.org/wp-content/uploads/2020/04/2020_ikNN_VISAPP-Camera-Ready.pdf]
[ccvcl.org/wp-content/uploads/2020/04/1051-camera.pdf]
[ccvcl.org/wp-content/uploads/2020/04/Paper-ID-1082-to-ISMAR-2019-Poster-Final-version-to-be-uploaded-20190813.pdf]
[ccvcl.org/wp-content/uploads/2020/04/ContrastNet_3DV_CR.pdf]
[ccvcl.org/wp-content/uploads/2020/04/ContrastNet_3DV_poster.pdf]
[ccvcl.org/wp-content/uploads/2019/08/2019_CVPR_LID_workshop_DG_GAN.pdf]
[ccvcl.org/wp-content/uploads/2020/04/ContrastNet_CVPRW.pdf]
[ccvcl.org/wp-content/uploads/2019/01/Abtahi_WACV18_ID367_Camera_Ready.pdf]
[ccvcl.org/wp-content/uploads/2019/01/crowd_gans_wacv_paper_final.pdf]
[ccvcl.org/wp-content/uploads/2019/01/ElectronEng-01-00074.pdf]
[ccvcl.org/wp-content/uploads/2019/01/Gong-Zhu-ICSI-2017.pdf]
[ccvcl.org/wp-content/uploads/2019/01/Assistive-Vision-Final-2017.pdf]
[ccvcl.org/wp-content/uploads/2019/01/SmartCane-CYBER2017-final.pdf]
[ccvcl.org/wp-content/uploads/2019/01/cvpr_cam_ready_zhufinal.pdf]
[ccvcl.org/wp-content/uploads/2019/01/Indoor_Map_Learning_for_the_Visually_Impaired.pdf]
[ccvcl.org/wp-content/uploads/2019/01/EAC_Net_ready.pdf]
[ccvcl.org/wp-content/uploads/2019/01/CRV2017-Pitch_and_Roll_Camera_Orientation_From_a_Single_2D_Image_Using_Convolutional_Neural_Networks.pdf]
[ccvcl.org/wp-content/uploads/2019/01/Senior-Design-ISEC2017-FINAL.pdf]
[ccvcl.org/wp-content/uploads/2019/01/Smart_Transportation_Hub_TRB2017_Final-11-14.pdf]
[ccvcl.org/wp-content/uploads/2019/01/Indoor_Localization_for_the_Visually_Impaired_Using_a_3D_Sensor.pdf]
[ccvcl.org/wp-content/uploads/2019/01/EmoTrain_MIT_Final.pdf]
[ccvcl.org/wp-content/uploads/2019/01/Automatic_Pre-Journey_Indoor_Map_Generation_Using_AutoCAD_Floor_Plan.pdf]
[ccvcl.org/wp-content/uploads/2019/01/GaMo-cvprws_compressed.pdf]
[ccvcl.org/wp-content/uploads/2019/01/isec_2016_rem_ccny-revision-final.pdf]
[ccvcl.org/wp-content/uploads/2019/01/p274-lin.pdf]
[ccvcl.org/wp-content/uploads/2019/01/emopaper_camready-final.pdf]
[ccvcl.org/wp-content/uploads/2019/01/uic-2015-vista-poster-4p-final.pdf]
[ccvcl.org/wp-content/uploads/2019/01/uic-40-mobile-crowd-assisted-final.pdf]
[ccvcl.org/wp-content/uploads/2019/01/CrowdNav-Final-Application-Track.pdf]
[ccvcl.org/wp-content/uploads/2019/01/CNNExpRecog-MVA15_0029_Final.pdf]
[ccvcl.org/wp-content/uploads/2019/01/corridor-paper-mva.pdf]
[ccvcl.org/wp-content/uploads/2019/01/MVA15_Farnaz_Final.pdf]
[ccvcl.org/wp-content/uploads/2019/01/diff_surface-final.pdf]
[ccvcl.org/wp-content/uploads/2019/01/moving_vehicle_ldv-final.pdf]
[ccvcl.org/wp-content/uploads/2019/01/tip2013-final-double.pdf]
[ccvcl.org/wp-content/uploads/2019/01/W22-29.pdf]
[ccvcl.org/wp-content/uploads/2019/01/ECCV-2014-W22-11.pdf]
[ccvcl.org/wp-content/uploads/2019/01/2014-021_Wang-Hammoud_camera_ready_final.pdf]
[ccvcl.org/wp-content/uploads/2019/01/ICME13_Camera.pdf]
[ccvcl.org/wp-content/uploads/2019/01/MAP4VIP-HaoTang.pdf]
[ccvcl.org/wp-content/uploads/2019/01/cvpr13_PBVS_camReady_final-zz.pdf]
[ccvcl.org/wp-content/uploads/2019/01/avss-PID2411365.pdf]
[ccvcl.org/wp-content/uploads/2019/01/TCSVT08-Tang-Zhu.pdf]
[ccvcl.org/wp-content/uploads/2019/01/wacv12_camR_Tao_Wang_1.pdf]
[ccvcl.org/wp-content/uploads/2019/01/wang_wacv11_final_exp.pdf]
[ccvcl.org/wp-content/uploads/2019/01/TMECH-Paper-LDV-Final-Qu-0907.pdf]
[ccvcl.org/wp-content/uploads/2019/01/aim2010_mm3p_final.pdf]
[ccvcl.org/wp-content/uploads/2019/01/LDV-Paper-final-revision.pdf]
[ccvcl.org/wp-content/uploads/2019/01/Wang-SPIE-2010.pdf]
[ccvcl.org/wp-content/uploads/2019/01/molina-spie-2010.pdf]
[ccvcl.org/wp-content/uploads/2019/01/Hao_IROS09_final.pdf]
[ccvcl.org/wp-content/uploads/2019/01/IROS09_0649_MS_corrected.pdf]
[ccvcl.org/wp-content/uploads/2019/01/Fraser_Geometry.pdf]
[ccvcl.org/wp-content/uploads/2019/01/WASR_A_321191.pdf]
[ccvcl.org/wp-content/uploads/2019/01/MVA-Zhu-3DGammaRay-Final.pdf]
[ccvcl.org/wp-content/uploads/2019/01/Paper-AIPR08-Wang-Zhu-Final.pdf]
[ccvcl.org/wp-content/uploads/2019/01/naecon2008.pdf]
[ccvcl.org/wp-content/uploads/2019/01/Tang-Zhu-S3D.pdf]
[ccvcl.org/wp-content/uploads/2019/01/ECIR08-Proof.pdf]
[ccvcl.org/wp-content/uploads/2019/01/yi-iros2007.pdf]
[ccvcl.org/wp-content/uploads/2019/01/Zhu-Z-3DGammaRay.pdf]
[ccvcl.org/wp-content/uploads/2019/01/Yi-IROS2006.pdf]
[ccvcl.org/wp-content/uploads/2019/01/ICPR06-LDV-CUNY.pdf]
[ccvcl.org/wp-content/uploads/2019/01/ICME06-VC-Camera-Ready-Final-2.pdf]
[ccvcl.org/wp-content/uploads/2019/01/ICME06-LDV-Camera-Ready-Final-2.pdf]
[ccvcl.org/wp-content/uploads/2019/01/Tang-3DPVT06-Final.pdf]
[ccvcl.org/wp-content/uploads/2019/01/procams2006_li_w.pdf]
[ccvcl.org/wp-content/uploads/2019/01/3DCINE06_Zhu_Z.pdf]
[ccvcl.org/wp-content/uploads/2019/01/SPIE2006-Zhu-CB3M.pdf]
[ccvcl.org/wp-content/uploads/2019/01/SPIE2006-Zhu-CargoInspection-paper.pdf]
[ccvcl.org/wp-content/uploads/2019/01/ZhuIVC-Rev-2005.pdf]
[ccvcl.org/wp-content/uploads/2019/01/aipr2005_zhu_zhigang.pdf]
[ccvcl.org/wp-content/uploads/2019/01/ICIP05_Zhu_Hanson-new-fmt.pdf]
[ccvcl.org/wp-content/uploads/2019/01/fulltext.pdf]
[ccvcl.org/wp-content/uploads/2019/01/A3DISS2005-Zhu-W15.pdf]
[ccvcl.org/wp-content/uploads/2019/01/A3DISS2005-Zhu-W17.pdf]
[ccvcl.org/wp-content/uploads/2019/01/OTCBVS2005-LDV-final.pdf]
[ccvcl.org/wp-content/uploads/2019/01/Zhu_IJCV_GFOD.pdf]
[ccvcl.org/wp-content/uploads/2019/01/zhuRAM2003.pdf]
[ccvcl.org/wp-content/uploads/2019/01/Zhu_CVIU_LAMP.pdf]
[ccvcl.org/wp-content/uploads/2019/01/CVIU_PanoStereo_Zhu.pdf]
[ccvcl.org/wp-content/uploads/2019/01/MDDE04-ZML-Final.pdf]
[ccvcl.org/wp-content/uploads/2019/01/IVR04-LTZ-extended.pdf]
[ccvcl.org/wp-content/uploads/2019/01/tpami117016.pdf]
[ccvcl.org/wp-content/uploads/2019/01/AIPR0344_Zhu_Z.pdf]
[ccvcl.org/wp-content/uploads/2019/01/vr-zhu.pdf]
[ccvcl.org/wp-content/uploads/2019/01/WACV02.pdf]
[ccvcl.org/wp-content/uploads/2019/01/wihave02.pdf]
[ccvcl.org/wp-content/uploads/2019/01/zOmniStereo01.pdf]
[ccvcl.org/wp-content/uploads/2019/01/PRISM_ICCV01.pdf]
[ccvcl.org/wp-content/uploads/2019/01/LAMP_ICCV01.pdf]
[ccvcl.org/wp-content/uploads/2019/01/zhuVideoReg2001.pdf]
[ccvcl.org/wp-content/uploads/2019/01/icvs2001.pdf]
[ccvcl.org/wp-content/uploads/2019/01/slides.zip]
[ccvcl.org/wp-content/uploads/2019/01/ivcj00.pdf]
[ccvcl.org/wp-content/uploads/2019/01/wsas2000.pdf]
[ccvcl.org/wp-content/uploads/2019/01/00756937-VR99.pdf]
[ccvcl.org/wp-content/uploads/2019/01/IV980154.pdf]
[ccvcl.org/wp-content/uploads/2019/01/00704310-ITIP98.pdf]
[ccvcl.org/wp-content/uploads/2019/01/00658453-VRAIS98.pdf]
[ccvcl.org/wp-content/uploads/2019/01/00572047-WACV96.pdf]
[ccvcl.org/wp-content/uploads/2019/01/00549162-ICNN96.pdf]
[ccvcl.org/wp-content/uploads/2019/01/00503866-ICRA96.pdf]
[ccvcl.org/wp-content/uploads/2019/01/00576425-ICPR94.pdf]
[ccvcl.org/wp-content/uploads/2019/01/00351181_ICRA94.pdf]
[ccvcl.org/wp-content/uploads/2019/01/00341057-CVPR93.pdf]
[ccvcl.org/wp-content/uploads/2019/01/00139582-ICCV90.pdf]
[ccvcl.org/publications/index.html]
[ccvcl.org/wp-json/wp/v2/pages/98.json]
[ccvcl.org/wp-json/oembed/1.0/embed89d8.json]
[ccvcl.org/wp-json/oembed/1.0/embed6b74]
[ccvcl.org/courses/index.html]
[ccvcl.org/professor-zhigang-zhu/csc-59866-7-capstone-i-ii-fall-2023-spring-2024/index.html]
[ccvcl.org/professor-zhigang-zhu/computer-vision-fall-2023/index.html]
[ccvcl.org/professor-zhigang-zhu/data-structures-spring-2023/index.html]
[ccvcl.org/csc-59866-7-capstone-i-ii-fall-2022-spring-2023/index.html]
[ccvcl.org/professor-zhigang-zhu/csc-471-computer-vision-spring-2022/index.html]
[ccvcl.org/professor-zhigang-zhu/computer-vision-and-image-processing-spring-2022/index.html]
[ccvcl.org/professor-zhigang-zhu/csc-59866-7-capstone-i-ii-fall-2021-spring-2022/index.html]
[ccvcl.org/professor-zhigang-zhu/computer-vision-fall-2021/index.html]
[ccvcl.org/wp-content/uploads/2018/11/cropped-ccvcl_logo-270x270.png]
[ccvcl.org/wp-loginc2b6.html]
[ccvcl.org/wp-includes/js/zxcvbn-async.min5152.js]
[ccvcl.org/wp-includes/js/dist/vendor/wp-polyfill-inert.min0226.js]
[ccvcl.org/wp-includes/js/dist/vendor/regenerator-runtime.min6c85.js]
[ccvcl.org/wp-includes/js/dist/vendor/wp-polyfill.min2c7c.js]
[ccvcl.org/wp-includes/js/dist/hooks.min2ebd.js]
[ccvcl.org/wp-includes/js/dist/i18n.minf92f.js]
[ccvcl.org/computer-vision-and-image-processing-spring-2020/index.html]
[ccvcl.org/wp-admin/js/password-strength-meter.min1e39.js]
[ccvcl.org/data-structures-spring-2020/index.html]
[ccvcl.org/wp-includes/js/underscore.mind584.js]
[ccvcl.org/bat-branding-assistive-technologies-for-social-good/index.html]
[ccvcl.org/wp-includes/js/wp-util.min1e39.js]
[ccvcl.org/wp-admin/js/user-profile.min1e39.js]
[ccvcl.org/wp-login.html]
[ccvcl.org/wp-content/themes/bradbury-custom/fonts/icomoon7ae8.svg]
[ccvcl.org/index3790.html]
[ccvcl.org/wp-json/wp/v2/pages/1834.json]
[ccvcl.org/wp-json/oembed/1.0/embed9228.json]
[ccvcl.org/wp-json/oembed/1.0/embed487d]
[ccvcl.org/wp-content/uploads/2021/04/Rakesh-Kumar-vert-768x1024.jpg]
[ccvcl.org/ic-cae-ai4ia/ai4ia-rakesh-teddy-kumar/index.html]
[ccvcl.org/wp-json/wp/v2/pages/1946.json]
[ccvcl.org/wp-json/oembed/1.0/embed2f52.json]
[ccvcl.org/wp-json/oembed/1.0/embed288d]
[ccvcl.org/wp-content/uploads/2021/05/Erick_Blash-1.jpg]
[ccvcl.org/ic-cae-ai4ia/ai4ia-colloquium-speaker-erik-blasch/index.html]
[ccvcl.org/wp-json/wp/v2/pages/2402.json]
[ccvcl.org/wp-json/oembed/1.0/embed02ef.json]
[ccvcl.org/wp-json/oembed/1.0/embed2838]
[ccvcl.org/wp-content/uploads/2022/01/DIMACS30-FR-with-Governor-From-30th-Headshot-297x300.png]
[ccvcl.org/ic-cae-ai4ia/ai4ia-colloquium-speaker-fred-roberts/index.html]
[ccvcl.org/wp-json/wp/v2/pages/2649.json]
[ccvcl.org/wp-json/oembed/1.0/embed9124.json]
[ccvcl.org/wp-json/oembed/1.0/embed49fa]
[ccvcl.org/ic-cae-ai4ia/ai4ia-colloquium-speaker-greg-olmschenk/index.html]
[ccvcl.org/wp-json/wp/v2/pages/2663.json]
[ccvcl.org/wp-json/oembed/1.0/embed587c.json]
[ccvcl.org/wp-json/oembed/1.0/embed795d]
[ccvcl.org/ic-cae-ai4ia/ai4ia-colloquium-panel-benjamin-rosado-jin-chen-and-tyler-franklin/index.html]
[ccvcl.org/wp-json/wp/v2/pages/2921.json]
[ccvcl.org/wp-json/oembed/1.0/embed586b.json]
[ccvcl.org/wp-json/oembed/1.0/embed55c2]
[ccvcl.org/wp-content/uploads/2023/01/Dr_Shah.jpg]
[ccvcl.org/ic-cae-ai4ia/ai4ia-colloquium-speaker-mubarak-shah/index.html]
[ccvcl.org/index76f0.html]
[ccvcl.org/indexbcd6.html]
[ccvcl.org/wp-json/wp/v2/categories/1.json]
[ccvcl.org/category/uncategorized/index.html]
[ccvcl.org/professor-zhigang-zhu/computer-vision-and-image-processing-spring-2020/index.html]
[ccvcl.org/wp-json/wp/v2/media/592.json]
[ccvcl.org/wp-json/oembed/1.0/embed629a.json]
[ccvcl.org/wp-json/oembed/1.0/embed721d]
[ccvcl.org/wp-content/uploads/2019/08/olmschenk-dissertation.pdf]
[ccvcl.org/olmschenk-dissertation/index.html]
[ccvcl.org/_khoo/REM2014.1.html]
[ccvcl.org/index5cfa.html]
[ccvcl.org/wp-json/wp/v2/pages/641.json]
[ccvcl.org/wp-json/oembed/1.0/embed2f3f.json]
[ccvcl.org/wp-json/oembed/1.0/embed5e42]
[ccvcl.org/wp-content/uploads/2019/09/zhigangzhu.jpg]
[ccvcl.org/professor-zhigang-zhu/index.html]
[ccvcl.org/wp-json/wp/v2/pages/725.json]
[ccvcl.org/wp-json/oembed/1.0/embedd70f.json]
[ccvcl.org/wp-json/oembed/1.0/embedb494]
[ccvcl.org/wp-content/uploads/2019/09/greg-olmschenk-1024x1024.png]
[ccvcl.org/wp-content/uploads/2019/09/sr-gan-835x1024.png]
[ccvcl.org/wp-content/uploads/2019/09/2019-GSoE-graduate-symposium-poster-1024x683.jpg]
[ccvcl.org/greg-olmschenk/index.html]
[maxcdn.bootstrapcdn.com/bootstrap/3.3.5/css/bootstrap.min.css]
[ajax.googleapis.com/ajax/libs/jquery/1.11.3/jquery.min.js]
[maxcdn.bootstrapcdn.com/bootstrap/3.3.5/js/bootstrap.min.js]
[ccvcl.org/media/css/home.11c.delayed]
[cdn.mathjax.org/mathjax/latest/MathJaxdda6.js]
[ccvcl.org/_fhu/index-2.html]
[ccvcl.org/_fhu/publications.html]
[ccvcl.org/_fhu/projects.html]
[ccvcl.org/_fhu/more.html]
[ccvcl.org/_fhu/Images/FengHu.png]
[ccvcl.org/_fhu/CSc212FG-Fall2016.html]
[ccvcl.org/_fhu/new_star_icon.jpg]
[ccvcl.org/_fhu/papers/Feng_Hu_Best_Paper_Award.pdf]
[ccvcl.org/_fhu/papers/SoCAV2022_call_for_paper.pdf]
[ccvcl.org/_fhu/papers/SoCAV22_UVR_FengHU.pdf]
[ccvcl.org/_fhu/papers/seatbelt_AAAI22_TRASE_final.pdf]
[ccvcl.org/_fhu/Images/The_ATM_machine_is_too_small_to_cash_our_'big'_awarded_in_CUNY-IBM_Watson_Case_Competition.jpg]
[ccvcl.org/_fhu/certificate_of_recognition.jpg]
[ccvcl.org/_fhu/IBM_Research_Lab_Poster.pdf]
[ccvcl.org/_fhu/IBM_award.pdf]
[ccvcl.org/_fhu/news.html]
[ccvcl.org/_fhu/index.html]
[ccvcl.org/index36d4.html]
[ccvcl.org/wp-json/wp/v2/pages/365.json]
[ccvcl.org/wp-json/oembed/1.0/embedf41c.json]
[ccvcl.org/wp-json/oembed/1.0/embedb22e]
[ccvcl.org/wp-loginfd97.html]
[ccvcl.org/wp-includes/js/comment-reply.min1e39.js]
[ccvcl.org/multimodal-collaborative-sensing-and-identification-using-deep-learning-for-intelligence-surveillance-and-reconnaissance-isr-applications/index.html]
[ccvcl.org/wp-json/wp/v2/pages/369.json]
[ccvcl.org/wp-json/oembed/1.0/embed8b4b.json]
[ccvcl.org/wp-json/oembed/1.0/embed14a2]
[ccvcl.org/wp-login6f36.html]
[ccvcl.org/course-and-program-assistive-technologies-for-the-blind/index.html]
[ccvcl.org/wp-json/wp/v2/pages/374.json]
[ccvcl.org/wp-json/oembed/1.0/embed7766.json]
[ccvcl.org/wp-json/oembed/1.0/embed024c]
[ccvcl.org/wp-logindc8e.html]
[ccvcl.org/efri-m3c-map4vip-man-machine-co-learning-for-visually-impaired-people/index.html]
[ccvcl.org/rem-2015/index.html]
[ccvcl.org/wp-json/wp/v2/pages/377.json]
[ccvcl.org/wp-json/oembed/1.0/embedc3c4.json]
[ccvcl.org/wp-json/oembed/1.0/embed0284]
[ccvcl.org/wp-login537e.html]
[ccvcl.org/a-system-approach-to-adaptive-multi-modal-sensor-designs/index.html]
[ccvcl.org/wp-json/wp/v2/pages/380.json]
[ccvcl.org/wp-json/oembed/1.0/embeda735.json]
[ccvcl.org/wp-json/oembed/1.0/embed245f]
[ccvcl.org/wp-login28a4.html]
[ccvcl.org/nsf-computing-research-infrastructure-cri-program-center-of-perceptual-robotics-intelligent-sensors-and-machines-prism/index.html]
[ccvcl.org/wp-json/wp/v2/pages/382.json]
[ccvcl.org/wp-json/oembed/1.0/embed13c1.json]
[ccvcl.org/wp-json/oembed/1.0/embedc184]
[ccvcl.org/cb3m-content-based-3d-mosaics-with-dynamic-pushbroom-stereo/index.html]
[ccvcl.org/wp-login9758.html]
[ccvcl.org/wp-json/wp/v2/pages/385.json]
[ccvcl.org/wp-json/oembed/1.0/embed6c9c.json]
[ccvcl.org/wp-json/oembed/1.0/embed6967]
[ccvcl.org/wp-login24d8.html]
[ccvcl.org/cooperative-wall-climbing-robots-for-surveillance-and-target-tracking/index.html]
[ccvcl.org/wp-json/wp/v2/pages/388.json]
[ccvcl.org/wp-json/oembed/1.0/embed28c0.json]
[ccvcl.org/wp-json/oembed/1.0/embed089b]
[ccvcl.org/single-array-multimodal-sensing-with-hyperspctral-polarization-and-high-accurate-3d-measurements/index.html]
[ccvcl.org/wp-json/wp/v2/pages/391.json]
[ccvcl.org/wp-json/oembed/1.0/embed39b4.json]
[ccvcl.org/wp-json/oembed/1.0/embedcb66]
[ccvcl.org/wp-login6f32.html]
[ccvcl.org/gamma-x-ray-linear-pushbroom-stereo-for-3d-cargo-inspection/index.html]
[ccvcl.org/wp-json/wp/v2/pages/394.json]
[ccvcl.org/wp-json/oembed/1.0/embedde4c.json]
[ccvcl.org/wp-json/oembed/1.0/embed8116]
[ccvcl.org/remote-hearing-multimodal-human-signature-detection-via-ptz-ir-and-ldv-sensors/index.html]
[ccvcl.org/wp-json/wp/v2/pages/397.json]
[ccvcl.org/wp-json/oembed/1.0/embedc31b.json]
[ccvcl.org/wp-json/oembed/1.0/embed0c9b]
[ccvcl.org/wp-login5639.html]
[ccvcl.org/ieee-nsf-workshop-on-multimodal-and-alternative-perception-for-visually-impaired-people-map4vip/index.html]
[ccvcl.org/wp-json/wp/v2/pages/400.json]
[ccvcl.org/wp-json/oembed/1.0/embedadac.json]
[ccvcl.org/wp-json/oembed/1.0/embedd0f7]
[ccvcl.org/wp-loginddeb.html]
[ccvcl.org/i-corpstransforming-2d-video-into-an-interactive-3d-viewing-experience/index.html]
[ccvcl.org/wp-json/wp/v2/pages/403.json]
[ccvcl.org/wp-json/oembed/1.0/embed5240.json]
[ccvcl.org/wp-json/oembed/1.0/embed2efb]
[ccvcl.org/virtualized-classroom-the-next-generation-e-learning-system/index.html]
[ccvcl.org/wp-json/wp/v2/pages/406.json]
[ccvcl.org/wp-json/oembed/1.0/embed97c8.json]
[ccvcl.org/wp-json/oembed/1.0/embedb769]
[ccvcl.org/wp-loginc4fb.html]
[ccvcl.org/2d-parallel-mosaics-for-under-vehicle-inspection/index.html]
[ccvcl.org/wp-json/wp/v2/pages/409.json]
[ccvcl.org/wp-json/oembed/1.0/embedf209.json]
[ccvcl.org/wp-json/oembed/1.0/embed6039]
[ccvcl.org/wp-login5496.html]
[ccvcl.org/high-accuracy-on-line-measurement-system-of-important-parts/index.html]
[ccvcl.org/wp-json/wp/v2/pages/412.json]
[ccvcl.org/wp-json/oembed/1.0/embed885d.json]
[ccvcl.org/wp-json/oembed/1.0/embed9e4b]
[ccvcl.org/wp-login5e7a.html]
[ccvcl.org/panoramic-virtual-stereo-and-human-tracking-in-a-smart-room/index.html]
[ccvcl.org/wp-json/wp/v2/pages/415.json]
[ccvcl.org/wp-json/oembed/1.0/embed4543.json]
[ccvcl.org/wp-json/oembed/1.0/embed69b9]
[ccvcl.org/wp-login9d2b.html]
[ccvcl.org/geo-registered-mosaicing-and-stereo-mosaicing-for-environmental-monitoring/index.html]
[ccvcl.org/wp-json/wp/v2/pages/418.json]
[ccvcl.org/wp-json/oembed/1.0/embedc1cf.json]
[ccvcl.org/wp-json/oembed/1.0/embed9ca1]
[ccvcl.org/wp-login3076.html]
[ccvcl.org/prism-parallel-ray-interpolation-for-stereo-mosaicing/index.html]
[ccvcl.org/wp-json/wp/v2/pages/421.json]
[ccvcl.org/wp-json/oembed/1.0/embedd9e8.json]
[ccvcl.org/wp-json/oembed/1.0/embed1591]
[ccvcl.org/wp-logindfef.html]
[ccvcl.org/lamp-3d-layered-adaptive-resolution-and-multi-perspective-panorama/index.html]
[ccvcl.org/wp-json/wp/v2/pages/427.json]
[ccvcl.org/wp-json/oembed/1.0/embedd513.json]
[ccvcl.org/wp-json/oembed/1.0/embed3561]
[ccvcl.org/video-stabilization-camera-stabilization-based-on-2-5d-motion-estimation-and-inertial-motion-filtering/index.html]
[ccvcl.org/wp-json/wp/v2/pages/429.json]
[ccvcl.org/wp-json/oembed/1.0/embed2355.json]
[ccvcl.org/wp-json/oembed/1.0/embed1c61]
[ccvcl.org/wp-logindadd.html]
[ccvcl.org/post-visual-navigation-by-integrating-panoramic-vision-omnidirectional-vision-and-stereo-vision/index.html]
[ccvcl.org/wp-json/wp/v2/pages/431.json]
[ccvcl.org/wp-json/oembed/1.0/embed7d9c.json]
[ccvcl.org/wp-json/oembed/1.0/embed0691]
[ccvcl.org/visatram-a-vision-system-for-automatic-traffic-monitoring/index.html]
[ccvcl.org/wp-json/wp/v2/pages/424.json]
[ccvcl.org/wp-json/oembed/1.0/embed4f94.json]
[ccvcl.org/wp-json/oembed/1.0/embedc4e8]
[ccvcl.org/wp-loginb3ec.html]
[ccvcl.org/localization-and-recognition-of-characters-and-numbers-on-moving-freight-trains/index.html]
[ccvcl.org/indexc5eb.html]
[ccvcl.org/indexb6ad.html]
[ccvcl.org/wp-json/wp/v2/pages/3247.json]
[ccvcl.org/wp-json/oembed/1.0/embed58ed.json]
[ccvcl.org/wp-json/oembed/1.0/embed09b5]
[ccvcl.org/wp-content/uploads/2023/08/Capstone-BEAT-2023-Intro-ZHU.pptx]
[ccvcl.org/csc-59866-7-capstone-i-ii-fall-2022-spring-2023/ccny-beat-2022-2023-projects-and-video/index.html]
[ccvcl.org/wp-content/uploads/2023/08/Capstone-2023-Project-Ideas-ZHU.pptx]
[ccvcl.org/professor-zhigang-zhu/csc-59866-7-capstone-i-ii-fall-2021-spring-2022/ccny-beat-2021-2022-projects-and-video/index.html]
[ccvcl.org/wp-content/uploads/2023/09/Capstone-Fall2023-Grading.txt]
[ccvcl.org/csc-59866-7-capstone-i-ii-fall-2020-spring-2021/ccny-beat-2020-2021-projects-and-video/index.html]
[ccvcl.org/wp-content/uploads/2022/08/GW-OPWDD-Services-Presentation-for-City-College-8.22.pdf]
[ccvcl.org/bat-branding-assistive-technologies-for-social-good/beat-2019-2020-projects-and-video/index.html]
[ccvcl.org/wp-content/uploads/2023/09/Class-Visit_-BEATs-Class-Sept-18.pdf]
[ccvcl.org/wp-content/uploads/2022/06/Capstone-Proposal-Quad-Chart-2022.pptx]
[ccvcl.org/wp-content/uploads/2023/10/BEATS-class-Incubator-Application-and-Customer-Discovery.pdf]
[ccvcl.org/csc-59866-7-capstone-i-ii-fall-2022-spring-2023/fall-2022-capstone-proposal-presentation-suggestions/index.html]
[ccvcl.org/wp-content/uploads/2023/10/NY-Hub-Monthly-Info-Session-August-24-2023.pdf]
[ccvcl.org/wp-content/uploads/2020/10/Branding-Storytelling-2020.pdf]
[ccvcl.org/wp-content/uploads/2023/10/FitKO-StartUP-Pitch.pdf]
[ccvcl.org/wp-content/uploads/2019/10/BIC-LOGO-DESIGN-BRIEF.docx]
[ccvcl.org/wp-content/uploads/2019/10/BRIEF-SAMPLE-LogoDesign_EmoTrain.pdf]
[ccvcl.org/wp-content/uploads/2019/10/Sample-BRIEFWORKSHEET-VeripadTeam.pdf]
[ccvcl.org/wp-content/uploads/2022/11/Vision-n-Brain-1-Eyes-2015.pptx]
[ccvcl.org/wp-content/uploads/2022/11/Capstone-Feature-Extraction.pptx]
[ccvcl.org/wp-content/uploads/2022/11/FeatureExtraction-rev4.pdf]
[ccvcl.org/wp-content/uploads/2022/11/Capstone_Stereo-n-Motion.pptx]
[ccvcl.org/beat-2023-assignment-4/index.html]
[ccvcl.org/wp-content/uploads/2022/11/StereoVision-rev4.pdf]
[ccvcl.org/wp-content/uploads/2022/11/VisualMotion-rev4.pdf]
[ccvcl.org/wp-content/uploads/2023/12/Capstone-Project-Final-Proposal-Evaluation-Form-Fall-2023.docx]
[ccvcl.org/beat-2023-assignment-5/index.html]
[ccvcl.org/wp-content/uploads/2024/01/Capstone-Fall2023-Grading.txt]
[ccvcl.org/professor-zhigang-zhu/csc-59866-7-capstone-i-ii-fall-2023-spring-2024/index.html]
[ccvcl.org/wp-json/wp/v2/pages/3224.json]
[ccvcl.org/wp-json/oembed/1.0/embedae4c.json]
[ccvcl.org/wp-json/oembed/1.0/embed4fa6]
[ccvcl.org/wp-content/uploads/2023/09/CV-Fall2023-Grading.txt]
[ccvcl.org/wp-content/uploads/2024/01/CV-Fall2023-Grading.png]
[ccvcl.org/wp-content/uploads/2023/08/CVVC_Part1_Intro-Fall2023.pptx]
[ccvcl.org/wp-content/uploads/2023/08/CVVC_Part1_ImageFmt-Fall2023.pptx]
[ccvcl.org/wp-content/uploads/2023/09/CVVC_Part1_FeatExtr_pt1-2023.pptx]
[ccvcl.org/csc-i6716-fall-2023-assignment-1/index.html]
[ccvcl.org/wp-content/uploads/2023/09/CVVC_Part1_FeatExtr_pt2-2023.pptx]
[ccvcl.org/csc-i6716-fall-2023-assignment-2/index.html]
[ccvcl.org/wp-content/uploads/2023/10/CVVC_Part2_CameraModels-2023.pptx]
[ccvcl.org/wp-content/uploads/2022/11/CameraModels-rev4.pdf]
[ccvcl.org/wp-content/uploads/2023/10/CVVC_Part2_Calibration-2023.pptx]
[ccvcl.org/csc-i6716-fall-2023-assignment-3/index.html]
[ccvcl.org/wp-content/uploads/2022/11/CameraCalibration-rev4.pdf]
[ccvcl.org/wp-content/uploads/2023/10/CVVC_Part2_Stereo-2023.pptx]
[ccvcl.org/wp-content/uploads/2023/10/CVVC_Part2_Motion-2023.pptx]
[ccvcl.org/csc-i6716-fall-2023-assignment-4/index.html]
[ccvcl.org/wp-content/uploads/2023/11/CSc-I6716-VisionExamReview-Fall2023.pptx]
[ccvcl.org/professor-zhigang-zhu/computer-vision-fall-2023/index.html]
[ccvcl.org/human-computer-vision-with-advanced-topics-spring-2023/index.html]
[ccvcl.org/professor-zhigang-zhu/human-computer-vision-with-advanced-topics-spring-2023/index.html]
[ccvcl.org/wp-json/wp/v2/pages/2820.json]
[ccvcl.org/wp-json/oembed/1.0/embedc0f7.json]
[ccvcl.org/wp-json/oembed/1.0/embed65cf]
[ccvcl.org/wp-content/uploads/2023/01/CSc212-EF-Spring-2023-Quizzes.txt]
[ccvcl.org/wp-content/uploads/2023/02/CSc212-EF-Spring-2023-Exams-ExtraBonus.txt]
[ccvcl.org/wp-content/uploads/2023/02/CSc212-EF-Spring-2023-Assignments.txt]
[ccvcl.org/wp-content/uploads/2023/05/CSc212-EF-Spring-2023-Final-Grading.txt]
[ccvcl.org/wp-content/uploads/2023/01/CSc212-Lecture01-Introduction-Spring-2023.pptx]
[ccvcl.org/wp-content/uploads/2020/01/Lecture02-ClassesI.pptx]
[ccvcl.org/wp-content/uploads/2020/01/Lecture03-ClassesII.pptx]
[ccvcl.org/wp-content/uploads/2020/01/Lecture04-05-Container.pptx]
[ccvcl.org/wp-content/uploads/2020/01/Lecture06-07-Pointers.pptx]
[ccvcl.org/wp-content/uploads/2020/01/Lecture08-DynamicBags.pptx]
[ccvcl.org/wp-content/uploads/2023/02/ExamReview1-2023.pptx]
[ccvcl.org/wp-content/uploads/2020/03/Lecture09-LinkedLists.pptx]
[ccvcl.org/wp-content/uploads/2020/03/Lecture10-LinkedListBags.pptx]
[ccvcl.org/wp-content/uploads/2020/03/Lecture11-Templates.pptx]
[ccvcl.org/wp-content/uploads/2020/03/Lecture12-StackQueue.pptx]
[ccvcl.org/wp-content/uploads/2020/03/Lecture13-Recursion.pptx]
[ccvcl.org/wp-content/uploads/2020/03/Lecture14-Recursion.pptx]
[ccvcl.org/wp-content/uploads/2023/02/ExamReview2-2023.pptx]
[ccvcl.org/wp-content/uploads/2020/04/Lecture15-Trees.pptx]
[ccvcl.org/wp-content/uploads/2020/04/Lecture16-BSTrees.pptx]
[ccvcl.org/wp-content/uploads/2020/04/Lecture17-B-Trees.pptx]
[ccvcl.org/csc212-assignment-6/index.html]
[ccvcl.org/wp-content/uploads/2020/04/Lecture18-Heaps.pptx]
[ccvcl.org/wp-content/uploads/2020/04/Lecture18-II-TreeBigO.pptx]
[ccvcl.org/wp-content/uploads/2020/04/Lecture19-Searching.pptx]
[ccvcl.org/wp-content/uploads/2020/04/Lecture20-Hashing.pptx]
[ccvcl.org/wp-content/uploads/2020/04/Lecture21-Sorting.pptx]
[ccvcl.org/wp-content/uploads/2020/04/Lecture22-Sorting-II.pptx]
[ccvcl.org/wp-content/uploads/2020/04/Lecture23-Graphs.pptx]
[ccvcl.org/wp-content/uploads/2023/04/ExamReview3-2023.pptx]
[ccvcl.org/professor-zhigang-zhu/data-structures-spring-2023/index.html]
[ccvcl.org/wp-json/wp/v2/pages/2589.json]
[ccvcl.org/wp-json/oembed/1.0/embedf64d.json]
[ccvcl.org/wp-json/oembed/1.0/embed9acd]
[ccvcl.org/wp-content/uploads/2022/06/Capstone-BEAT-2022-Intro-ZHU.pptx]
[ccvcl.org/wp-content/uploads/2022/06/Capstone-2022-Project-Ideas-ZHU.pptx]
[ccvcl.org/wp-content/uploads/2022/09/Capstone-Fall2022-Grading.txt]
[ccvcl.org/wp-content/uploads/2022/09/Fall-2022-Introduction-to-Zahn-Innovation-Center.pdf]
[ccvcl.org/wp-content/uploads/2022/10/Arber-CD-best-practices-for-zhigang-class.pdf]
[ccvcl.org/csc-59866-7-capstone-i-ii-fall-2022-spring-2023/zahn-innovation-center-fall-2022-events/index.html]
[ccvcl.org/wp-content/uploads/2023/01/Bootcamp-Syllabus-2023-Draft.pdf]
[ccvcl.org/csc-59866-7-capstone-i-ii-fall-2022-spring-2023/beat-2022-assignment-5/index.html]
[ccvcl.org/wp-content/uploads/2022/12/Capstone-Project-MidTerm-Presentation-Evaluation-Form-Spring-2023.docx]
[ccvcl.org/csc-59866-7-capstone-i-ii-fall-2022-spring-2023/beat-2022-assignment-6/index.html]
[ccvcl.org/wp-content/uploads/2022/12/Capstone-Project-Final-Presentation-Evaluation-Form-Spring-2023.docx]
[ccvcl.org/wp-content/uploads/2022/12/Capstone-Project-Final-Presentation-and-Report-Requirements-Spring-2023.pdf]
[ccvcl.org/wp-content/uploads/2023/05/Capstone-Spring2023-Grading.txt]
[ccvcl.org/csc-59866-7-capstone-i-ii-fall-2022-spring-2023/index.html]
[ccvcl.org/wp-json/wp/v2/pages/2279.json]
[ccvcl.org/wp-json/oembed/1.0/embeddac8.json]
[ccvcl.org/wp-json/oembed/1.0/embed973b]
[ccvcl.org/wp-content/uploads/2022/02/CSc471-Spring-2022-Grading.txt]
[ccvcl.org/wp-content/uploads/2022/01/CVVC_Part1_Intro-2022S.pptx]
[ccvcl.org/wp-content/uploads/2022/01/CVVC_Part1_ImageFmt-2022S.pptx]
[ccvcl.org/wp-content/uploads/2022/01/CVVC_Part1_FeatExtr_pt1-2022S.pptx]
[ccvcl.org/professor-zhigang-zhu/csc-471-computer-vision-spring-2022/csc-471-spring-2022-assignment-1/index.html]
[ccvcl.org/wp-content/uploads/2022/01/CVVC_Part1_FeatExtr_pt2-2022S.pptx]
[ccvcl.org/professor-zhigang-zhu/csc-471-computer-vision-spring-2022/csc-471-spring-2022-assignment-2/index.html]
[ccvcl.org/wp-content/uploads/2022/01/CVVC_Part2_CameraModels-2022S.pptx]
[ccvcl.org/wp-content/uploads/2022/01/CVVC_Part2_Calibration-2022S.pptx]
[ccvcl.org/professor-zhigang-zhu/csc-471-computer-vision-spring-2022/csc-471-spring-2022-assignment-3/index.html]
[ccvcl.org/wp-content/uploads/2022/01/CVVC_Part2_Stereo-2022S.pptx]
[ccvcl.org/wp-content/uploads/2022/01/CVVC_Part2_Motion-2022S.pptx]
[ccvcl.org/professor-zhigang-zhu/csc-471-computer-vision-spring-2022/csc-471-spring-2022-assignment-4/index.html]
[ccvcl.org/wp-content/uploads/2022/04/CSc471-VisionExamReview-Spring2022.pptx]
[ccvcl.org/professor-zhigang-zhu/csc-471-computer-vision-spring-2022/index.html]
[ccvcl.org/wp-json/wp/v2/pages/2262.json]
[ccvcl.org/wp-json/oembed/1.0/embedb239.json]
[ccvcl.org/wp-json/oembed/1.0/embed1ad3]
[ccvcl.org/wp-content/uploads/2022/03/GC-Vision-Spring-2022-Grading.txt]
[ccvcl.org/wp-content/uploads/2022/02/CVVC_Intro-Spring2022.pptx]
[ccvcl.org/wp-content/uploads/2019/09/CVVC_Part2_CameraModels.pptx]
[ccvcl.org/professor-zhigang-zhu/computer-vision-and-image-processing-spring-2022/computer-vision-spring-2022-assignment-1/index.html]
[ccvcl.org/wp-content/uploads/2019/09/CVVC_Part2_Calibration.pptx]
[ccvcl.org/professor-zhigang-zhu/computer-vision-and-image-processing-spring-2022/computer-vision-spring-2022-assignment-2/index.html]
[ccvcl.org/wp-content/uploads/2019/09/CVVC_Part2_Stereo.pptx]
[ccvcl.org/wp-content/uploads/2022/03/CVVC_Project-Ideas-Spring-2022.pdf]
[ccvcl.org/professor-zhigang-zhu/computer-vision-and-image-processing-spring-2022/computer-vision-spring-2022-assignment-3/index.html]
[ccvcl.org/wp-content/uploads/2019/09/CVVC_Part2_Motion.pptx]
[ccvcl.org/wp-content/uploads/2022/03/VisionExamRview-Spring2022.pptx]
[ccvcl.org/professor-zhigang-zhu/computer-vision-and-image-processing-spring-2022/index.html]
[ccvcl.org/wp-json/wp/v2/pages/2072.json]
[ccvcl.org/wp-json/oembed/1.0/embedb51e.json]
[ccvcl.org/wp-json/oembed/1.0/embed5e0f]
[ccvcl.org/wp-content/uploads/2021/08/Capstone-BEAT-2021-Intro-ZHU.pptx]
[ccvcl.org/wp-content/uploads/2021/08/Capstone-2021-Project-Ideas-ZHU.pptx]
[ccvcl.org/wp-content/uploads/2021/08/Capstone-Proposal-Quad-Chart-2021.pptx]
[ccvcl.org/wp-content/uploads/2021/10/Capstone-Fall2021-Grading.txt]
[ccvcl.org/wp-content/uploads/2022/01/Bootcamp-Syllabus-2022-1_6_-Onboarding-Version.pdf]
[ccvcl.org/professor-zhigang-zhu/csc-59866-7-capstone-i-ii-fall-2021-spring-2022/capstone-proposal-presentation-suggestions/index.html]
[ccvcl.org/wp-content/uploads/2022/03/Capstone-Spring-2022-Grading.txt]
[ccvcl.org/professor-zhigang-zhu/csc-59866-7-capstone-i-ii-fall-2021-spring-2022/beat-2021-assignment-5/index.html]
[ccvcl.org/wp-content/uploads/2022/01/Capstone-Project-MidTerm-Presentation-Evaluation-Form-Spring-2022.docx]
[ccvcl.org/professor-zhigang-zhu/csc-59866-7-capstone-i-ii-fall-2021-spring-2022/beat-2021-assignment-6/index.html]
[ccvcl.org/wp-content/uploads/2022/05/Screenshot_20220502-082914_Chrome.jpg]
[ccvcl.org/wp-content/uploads/2022/01/Capstone-Project-Final-Presentation-Evaluation-Form-Spring-2022.docx]
[ccvcl.org/wp-content/uploads/2022/01/Capstone-Project-Final-Presentation-and-Report-Requirements-Spring-2022.pdf]
[ccvcl.org/professor-zhigang-zhu/csc-59866-7-capstone-i-ii-fall-2021-spring-2022/index.html]
[ccvcl.org/wp-json/wp/v2/pages/2104.json]
[ccvcl.org/wp-json/oembed/1.0/embed943e.json]
[ccvcl.org/wp-json/oembed/1.0/embed3ceb]
[ccvcl.org/wp-content/uploads/2021/10/CV-Fall2021-Grading.txt]
[ccvcl.org/wp-content/uploads/2021/08/CVVC_Part1_Intro-Fall2021.pptx]
[ccvcl.org/wp-content/uploads/2020/08/Vision-n-Brain-2-VisualBrain-2020.pptx]
[ccvcl.org/wp-content/uploads/2019/09/CVVC_Part1_ImageFmt.pptx]
[ccvcl.org/wp-content/uploads/2019/09/CVVC_Part1_FeatExtr_pt1.pptx]
[ccvcl.org/professor-zhigang-zhu/computer-vision-fall-2021/csc-i6716-fall-2021-assignment-1/index.html]
[ccvcl.org/wp-content/uploads/2019/09/CVVC_Part1_FeatExtr_pt2.pptx]
[ccvcl.org/wp-content/uploads/2021/11/VisionExamRview-Fall2021.pptx]
[ccvcl.org/professor-zhigang-zhu/computer-vision-fall-2021/csc-i6716-fall-2021-assignment-2/index.html]
[ccvcl.org/wp-content/uploads/2021/11/Computer-Vision-Fall-2021-Student-Projects.pdf]
[ccvcl.org/professor-zhigang-zhu/computer-vision-fall-2021/index.html]
[ccvcl.org/professor-zhigang-zhu/computer-vision-fall-2021/csc-i6716-fall-2021-assignment-3/index.html]
[ccvcl.org/professor-zhigang-zhu/computer-vision-fall-2021/csc-i6716-fall-2021-assignment-4/index.html]
[ccvcl.org/professor-zhigang-zhu/computer-vision-and-image-processing-spring-2021/index.html]
[ccvcl.org/computer-vision-and-image-processing-spring-2021/index.html]
[ccvcl.org/professor-zhigang-zhu/data-structures-spring-2021/index.html]
[ccvcl.org/data-structures-spring-2021/index.html]
[ccvcl.org/professor-zhigang-zhu/csc-59866-7-capstone-i-ii-fall-2020-spring-2021/index.html]
[ccvcl.org/csc-59866-7-capstone-i-ii-fall-2020-spring-2021/index.html]
[ccvcl.org/professor-zhigang-zhu/computer-vision-fall-2020/index.html]
[ccvcl.org/computer-vision-fall-2020/index.html]
[ccvcl.org/wp-json/wp/v2/pages/849.json]
[ccvcl.org/wp-json/oembed/1.0/embed3999.json]
[ccvcl.org/wp-json/oembed/1.0/embed64ea]
[ccvcl.org/wp-content/uploads/2020/03/CV-Spring-2020-Grading.txt]
[ccvcl.org/wp-content/uploads/2020/01/CVVC_Part1_Intro-Spring2020.pptx]
[ccvcl.org/wp-content/uploads/2020/04/VisionExamRview-Spring2020.pptx]
[ccvcl.org/computer-vision-and-image-processing-spring-2020/index.html]
[ccvcl.org/wp-json/wp/v2/pages/861.json]
[ccvcl.org/wp-json/oembed/1.0/embed7ded.json]
[ccvcl.org/wp-json/oembed/1.0/embedab75]
[ccvcl.org/data-structures-spring-2020/zzhu@ccny.cuny.edu]
[ccvcl.org/wp-content/uploads/2020/02/CSc212-EF-Spring-2020-Quizzes.txt]
[ccvcl.org/wp-content/uploads/2020/02/CSc212-EF-Spring-2020-Assignments.txt]
[ccvcl.org/wp-content/uploads/2020/03/CSc212-EF-Spring-2020-Exams.txt]
[ccvcl.org/wp-content/uploads/2020/01/CSc212-Lecture01-Introduction-Spring-2020.pptx]
[ccvcl.org/wp-content/uploads/2020/01/ExamReview1-2020.pptx]
[ccvcl.org/wp-content/uploads/2020/03/ExamReview2-2020.pptx]
[ccvcl.org/wp-content/uploads/2020/04/internship_presentation_naman_pujari.pdf]
[ccvcl.org/wp-content/uploads/2020/04/ExamReview3-2020.pptx]
[ccvcl.org/data-structures-spring-2020/index.html]
[ccvcl.org/wp-json/wp/v2/pages/515.json]
[ccvcl.org/wp-json/oembed/1.0/embed181f.json]
[ccvcl.org/wp-json/oembed/1.0/embedde34]
[ccvcl.org/wp-content/uploads/2019/09/CEN-BAT-Zhu-2019-Intro-1.pptx]
[ccvcl.org/bat-branding-assistive-technologies-for-social-good/beat-project-video-2019-2020/index.html]
[ccvcl.org/wp-content/uploads/2019/09/Capstone2019-Project-Ideas-ZHU.pptx]
[ccvcl.org/wp-content/uploads/2019/09/Logic-Gateways.pdf]
[ccvcl.org/wp-content/uploads/2019/09/Capstone-Proposal-Quad-Chart-2019.pptx]
[ccvcl.org/wp-content/uploads/2019/10/Say-it-with-a-LOGO-2019.pdf]
[ccvcl.org/wp-content/uploads/2019/12/Capstone-Fall2019-Grading.txt]
[ccvcl.org/wp-content/uploads/2020/02/Capstone-Spring2020-Grading.txt]
[ccvcl.org/wp-content/uploads/2020/04/Capstone-Project-Final-Evaluation-Spring-2020-CREATE.pdf]
[ccvcl.org/wp-content/uploads/2020/04/Capstone-Project-Final-Evaluation-Spring-2020-CREATE.docx]
[ccvcl.org/wp-content/uploads/2020/03/Capstone-Project-FInal-Report-Requirements.pdf]
[ccvcl.org/wp-content/uploads/2020/05/Capstone-Spring2020-Grading-Final.txt]
[ccvcl.org/bat-branding-assistive-technologies-for-social-good/index.html]
[ccvcl.org/computer-vision-fall-2019/index.html]
[ccvcl.org/home/computer-vision-fall-2019/index.html]
[ccvcl.org/wp-includes/fonts/dashicons7d4b.eot]
[ccvcl.org/wp-includes/fonts/dashicons7d4b.ttf]
[ccvcl.org/wp-includes/css/dashicons.min1e39.css]
[ccvcl.org/wp-includes/css/buttons.min1e39.css]
[ccvcl.org/wp-admin/images/loading.gif]
[ccvcl.org/wp-admin/css/forms.min1e39.css]
[ccvcl.org/wp-admin/css/l10n.min1e39.css]
[ccvcl.org/wp-admin/images/w-logo-blue7a53.png]
[ccvcl.org/wp-admin/css/login.min1e39.css]
[ccvcl.org/wp-loginc2b6.html]
[ccvcl.org/feed/index.html]
[ccvcl.org/comments/feed/index.html]
[ccvcl.org/indexe6fd.html]
[ccvcl.org/index6086.html]
[ccvcl.org/index0273.html]
[ccvcl.org/index762e.html]
[ccvcl.org/indexab01.html]
[ccvcl.org/indexa6de.html]
[ccvcl.org/index568a.html]
[ccvcl.org/indexd2ad.html]
[ccvcl.org/index1583.html]
[maxcdn.bootstrapcdn.com/bootstrap/3.3.5/css/bootstrap.min.css]
[ccvcl.org/media/css/home.html]
[ccvcl.org/_fhu/index-2.html]
[ccvcl.org/favicon.237.delayed]
[ccvcl.org/media/css/style.css]
[ccvcl.org/media/css/highlight.css]
[ccvcl.org/media/js/jquery-1.7.1.min.js]
[ccvcl.org/_fhu/papers/Assistive_healthcare_book_FengHu.txt]
[ccvcl.org/_fhu/papers/uvr_citation.txt]
[ccvcl.org/_fhu/papers/seatbelt.txt]
[ccvcl.org/_fhu/calibration.pdf]
[ccvcl.org/_fhu/papers/icassp.txt]
[ccvcl.org/_fhu/papers/dissertation.txt]
[ccvcl.org/_fhu/papers/A Crowdsource-Based Sensing System for MonitoringFine-grained Air Qualityin Urban Environments.pdf]
[ccvcl.org/_fhu/papers/IoT_Journal_citation.txt]
[ccvcl.org/_fhu/papers/Reducing air pollution exposure in a road trip.pdf]
[ccvcl.org/_fhu/papers/ITS2017Chunyang.txt]
[ccvcl.org/_fhu/papers/ibm_report.txt]
[ccvcl.org/_fhu/papers/omni_gpu_paper.txt]
[ccvcl.org/_fhu/papers/AISM_EE_Journal_FengHu.txt]
[ccvcl.org/_fhu/papers/Intelligent In-Vehicle Air Quality Management A Smart Mobility Application Dealing With Air Pollution In The Traffic.pdf]
[ccvcl.org/_fhu/papers/ITS2016Sun.txt]
[ccvcl.org/_fhu/papers/Automatic Pre-Journey Indoor Map Generation Using AutoCAD Floor Plan.pdf]
[ccvcl.org/_fhu/papers/tang2016prejourney.txt]
[ccvcl.org/_fhu/papers/RGB-D Sensor Based Indoor Localization for the Visually Impaired.pdf]
[ccvcl.org/_fhu/papers/hu2016assistive3DLocalization.txt]
[ccvcl.org/_fhu/papers/Mobile Panoramic Vision for Assisting the Blind via Indexing and Localization.pdf]
[ccvcl.org/_fhu/papers/eccv_paper_feng.txt]
[ccvcl.org/_fhu/papers/Structured_light_3D.pdf]
[ccvcl.org/_fhu/papers/Constraints-Based Graph Embedding OptimalSurveillance-Video Mosaicing .pdf]
[ccvcl.org/_fhu/publications.html]
[ccvcl.org/_fhu/Images/Omni_Localization.png]
[ccvcl.org/_fhu/Images/Omni_SystemDiagram.png]
[ccvcl.org/_fhu/Images/sfm_diagram.png]
[ccvcl.org/_fhu/Images/Glass_Localization_Result.jpg]
[ccvcl.org/_fhu/Images/myGlass_by_Martin_Missfeldt.jpg]
[ccvcl.org/_fhu/Images/tango_diagram.png]
[ccvcl.org/_fhu/Images/Tango_Large_Model.jpg]
[ccvcl.org/_fhu/Images/Tango_GUI.png]
[ccvcl.org/_fhu/Images/Simulation.jpg]
[ccvcl.org/_fhu/Images/Panoramic_Surveillance_System.bmp]
[ccvcl.org/_fhu/Images/Surveillance_system_diagram.jpg]
[ccvcl.org/_fhu/Images/Fisheye_calibration_tool.png]
[ccvcl.org/_fhu/Images/Oval_fisheye_image.png]
[ccvcl.org/_fhu/Images/Oval_fisheye_rectified.png]
[ccvcl.org/_fhu/Images/Head_Shouder_HOG.png]
[ccvcl.org/_fhu/Images/Pedestrian_detection.png]
[ccvcl.org/_fhu/Images/Detection_based_on_foreground.png]
[ccvcl.org/_fhu/projects.html]
[ccvcl.org/_fhu/Images/dive.jpg]
[ccvcl.org/_fhu/Images/ski.jpg]
[ccvcl.org/_fhu/more.html]
[ccvcl.org/_fhu/MinGW-tutorial.pdf]
[ccvcl.org/_fhu/Assignments/Quiz/Quiz_Scores_CSc212FG_2016.xlsx]
[ccvcl.org/_fhu/Assignments/Assignment_Submission_System/download.html]
[ccvcl.org/_fhu/Sample_Code_CSc212/CSc212FG_2016_final_grade_calculator.cpp]
[ccvcl.org/_fhu/Lecture01-Introduction.pdf]
[ccvcl.org/_fhu/Lecture02-Classes(I).pdf]
[ccvcl.org/_fhu/Sample_Code_CSc212/Lecture_2_code/point-ppt.html]
[ccvcl.org/_fhu/CSC212-2016-assignment1.html]
[ccvcl.org/_fhu/Lecture03-Classes(II).pdf]
[ccvcl.org/_fhu/Lecture04-05-Container.pdf]
[ccvcl.org/_fhu/Sample_Code_CSc212/Lecture4_Sample_Code/bag-ppt.html]
[ccvcl.org/_fhu/Lecture06--07-Pointers.pdf]
[ccvcl.org/_fhu/Assignments/Assignment_2/CSC212-2016-assignment2.html]
[ccvcl.org/_fhu/Sample_Code_CSc212/Lecture_7_Sample_Code/point3-ppt.html]
[ccvcl.org/_fhu/Lecture08-DynamicBags.pdf]
[ccvcl.org/_fhu/Sample_Code_CSc212/Lecture_8_Sample_Code/bag2-ppt.html]
[ccvcl.org/_fhu/Assignments/Assignment_3/CSC212-2016-assignment3.html]
[ccvcl.org/_fhu/ExamReview1-2016.pdf]
[ccvcl.org/_fhu/Lecture10-LinkedListBags.pdf]
[ccvcl.org/_fhu/Sample_Code_CSc212/Lecture_10_Sample_Code/bag3-ppt.html]
[ccvcl.org/_fhu/Lecture09-LinkedLists.pdf]
[ccvcl.org/_fhu/Sample_Code_CSc212/Lecture_9_Sample_Code/node1-ppt.html]
[ccvcl.org/_fhu/Assignments/Assignment_4/CSC212-2016-assignment4.html]
[ccvcl.org/_fhu/Lecture11-Templates.pdf]
[ccvcl.org/_fhu/Sample_Code_CSc212/Lecture_11_Sample_Code/bag5-ppt.html]
[ccvcl.org/_fhu/Sample_Code_CSc212/Lecture_11_Sample_Code/node2-ppt.html]
[ccvcl.org/_fhu/Lecture12-StackQueue.pdf]
[ccvcl.org/_fhu/Sample_Code_CSc212/Lecture_12_Sample_Code/stack-ppt.html]
[ccvcl.org/_fhu/Sample_Code_CSc212/Lecture_12_Sample_Code/queue-ppt.html]
[ccvcl.org/_fhu/Lecture13-Recursion.pdf]
[ccvcl.org/_fhu/Assignments/Assignment_5/CSC212-2016-assignment5.html]
[ccvcl.org/_fhu/Lecture14-Recursion.pdf]
[ccvcl.org/_fhu/ExamReview2-2016.pdf]
[ccvcl.org/_fhu/Lecture15-Trees.pdf]
[ccvcl.org/_fhu/Sample_Code_CSc212/Lecture_15_Sample_Code/tree-ppt.html]
[ccvcl.org/_fhu/Lecture16-BSTrees.pdf]
[ccvcl.org/_fhu/Lecture17-B-Trees.pdf]
[ccvcl.org/_fhu/Sample_Code_CSc212/Lecture17_Sample_Code/set.h]
[ccvcl.org/_fhu/Sample_Code_CSc212/Exam_2_Sample_Code/Reverse_List_withNode2.cpp]
[ccvcl.org/_fhu/Sample_Code_CSc212/Exam_2_Sample_Code/Queue_withStacks.cpp]
[ccvcl.org/_fhu/Assignments/Assignment_6/CSC212-2016-assignment6.html]
[ccvcl.org/_fhu/Lecture18-Heaps.pdf]
[ccvcl.org/_fhu/Lecture18-II-TreeBigO.pdf]
[ccvcl.org/_fhu/Lecture19-Searching.pdf]
[ccvcl.org/_fhu/Lecture20-Hashing.pdf]
[ccvcl.org/_fhu/Lecture21-Sorting.pdf]
[ccvcl.org/_fhu/Lecture22-Sorting-II.pdf]
[ccvcl.org/_fhu/Sample_Code_CSc212/Lecture22_Sample_code/sort-code.html]
[ccvcl.org/_fhu/Lecture23-Graphs.pdf]
[ccvcl.org/_fhu/ExamReview3-2016.pdf]
[ccvcl.org/_fhu/CSc212FG-Fall2016.html]
[ccvcl.org/_fhu/Images/Jeury_best_poster_award.jpg]
[ccvcl.org/_fhu/news.html]
[ccvcl.org/index18ee.html]
[ccvcl.org/wp-loginfd97.html]
[ccvcl.org/index0261.html]
[ccvcl.org/wp-login6f36.html]
[ccvcl.org/index9222.html]
[ccvcl.org/wp-json/wp/v2/pages/487.json]
[ccvcl.org/wp-json/oembed/1.0/embed4023.json]
[ccvcl.org/wp-json/oembed/1.0/embed13e4]
[ccvcl.org/rem-2015/index.html]
[ccvcl.org/wp-logindc8e.html]
[ccvcl.org/indexa7ab.html]
[ccvcl.org/wp-login537e.html]
[ccvcl.org/index0dc6.html]
[ccvcl.org/wp-login28a4.html]
[ccvcl.org/index802e.html]
[ccvcl.org/wp-login9758.html]
[ccvcl.org/indexf1ac.html]
[ccvcl.org/wp-login24d8.html]
[ccvcl.org/index42a9.html]
[ccvcl.org/index64d4.html]
[ccvcl.org/wp-login6f32.html]
[ccvcl.org/index51fe.html]
[ccvcl.org/indexae62.html]
[ccvcl.org/wp-login5639.html]
[ccvcl.org/index2d8c.html]
[ccvcl.org/wp-loginddeb.html]
[ccvcl.org/index23ea.html]
[ccvcl.org/index40e6.html]
[ccvcl.org/wp-loginc4fb.html]
[ccvcl.org/indexe145.html]
[ccvcl.org/wp-login5496.html]
[ccvcl.org/index5604.html]
[ccvcl.org/wp-login5e7a.html]
[ccvcl.org/indexd519.html]
[ccvcl.org/wp-login9d2b.html]
[ccvcl.org/index1263.html]
[ccvcl.org/wp-login3076.html]
[ccvcl.org/index504f.html]
[ccvcl.org/wp-logindfef.html]
[ccvcl.org/indexa942.html]
[ccvcl.org/indexedce.html]
[ccvcl.org/wp-logindadd.html]
[ccvcl.org/index88c3.html]
[ccvcl.org/index007a.html]
[ccvcl.org/wp-loginb3ec.html]
[ccvcl.org/index4080.html]
[ccvcl.org/wp-json/wp/v2/pages/3183.json]
[ccvcl.org/wp-json/oembed/1.0/embedd0ce.json]
[ccvcl.org/wp-json/oembed/1.0/embedb553]
[ccvcl.org/wp-content/uploads/2023/06/BusSense-CSC59867-Final-Report-.pdf]
[ccvcl.org/wp-content/uploads/2023/06/WalkIT_Final_Report_2023.pdf]
[ccvcl.org/wp-content/uploads/2023/06/SafeMap_Final_Report_File.pdf]
[ccvcl.org/wp-content/uploads/2023/06/SiGHT-Final-Report.pdf]
[ccvcl.org/wp-content/uploads/2023/06/Nusketch-Final-Report.pdf]
[ccvcl.org/wp-content/uploads/2023/06/DeliciousDonations-FinalPaper.pdf]
[ccvcl.org/wp-content/uploads/2023/06/MAC-U-Vision_final_report_updated.pdf]
[ccvcl.org/wp-content/uploads/2023/06/Productify-Final-Paper.pdf]
[ccvcl.org/csc-59866-7-capstone-i-ii-fall-2022-spring-2023/ccny-beat-2022-2023-projects-and-video/index.html]
[ccvcl.org/wp-json/wp/v2/pages/2545.json]
[ccvcl.org/wp-json/oembed/1.0/embed957e.json]
[ccvcl.org/wp-json/oembed/1.0/embede00d]
[ccvcl.org/wp-content/uploads/2022/06/Schedule-and-Structure-Create-Final_compressed.pdf]
[ccvcl.org/wp-content/uploads/2022/06/MEDtalk-Final-Report_compressed.pdf]
[ccvcl.org/wp-content/uploads/2022/06/Autism_Bridge_Final_Report_compressed.pdf]
[ccvcl.org/wp-content/uploads/2022/06/Zahn-Bux-Prizes-2022.png]
[ccvcl.org/wp-content/uploads/2022/06/Zahn-Audience-Choice-Prizes-2022.png]
[ccvcl.org/wp-content/uploads/2022/06/VoiceParadise-Final-report_compressed.pdf]
[ccvcl.org/wp-content/uploads/2022/06/Rx-Reminder-Final-Report_compressed.pdf]
[ccvcl.org/wp-content/uploads/2022/06/Altri-Final-Report_compressed.pdf]
[ccvcl.org/wp-content/uploads/2022/06/NeuroGen-Final_Report_compressed.pdf]
[ccvcl.org/wp-content/uploads/2022/06/ASLNOW_Final_Report_compressed.pdf]
[ccvcl.org/professor-zhigang-zhu/csc-59866-7-capstone-i-ii-fall-2021-spring-2022/ccny-beat-2021-2022-projects-and-video/index.html]
[ccvcl.org/wp-json/wp/v2/pages/1967.json]
[ccvcl.org/wp-json/oembed/1.0/embed2e1f.json]
[ccvcl.org/wp-json/oembed/1.0/embed4d2d]
[ccvcl.org/wp-content/uploads/2021/05/Final_Report-The_Companion.pdf]
[ccvcl.org/wp-content/uploads/2021/05/Final_Report-UBraille.pdf]
[ccvcl.org/wp-content/uploads/2021/05/Final_Report-Cherished-Memory.pdf]
[ccvcl.org/wp-content/uploads/2021/05/Final_Report-Colorful-World.pdf]
[ccvcl.org/wp-content/uploads/2021/05/Final_Report-DTD-Hero.pdf]
[ccvcl.org/wp-content/uploads/2021/05/Final_Report-PALM.pdf]
[ccvcl.org/wp-content/uploads/2021/01/BEAT-Personal-Gift-To-PALM-2021.pdf]
[ccvcl.org/wp-content/uploads/2021/05/Final_Report-Remember-Me.pdf]
[ccvcl.org/wp-content/uploads/2021/05/Final_Report-AlgoRythm.pdf]
[ccvcl.org/csc-59866-7-capstone-i-ii-fall-2020-spring-2021/ccny-beat-2020-2021-projects-and-video/index.html]
[ccvcl.org/wp-json/wp/v2/pages/1347.json]
[ccvcl.org/wp-json/oembed/1.0/embed4977.json]
[ccvcl.org/wp-json/oembed/1.0/embed580f]
[ccvcl.org/wp-content/uploads/2020/09/image-4.png]
[ccvcl.org/wp-content/uploads/2020/09/image-1.png]
[ccvcl.org/wp-content/uploads/2020/09/image-8.png]
[ccvcl.org/wp-content/uploads/2020/09/image-9.png]
[ccvcl.org/wp-content/uploads/2020/09/image-7.png]
[ccvcl.org/wp-content/uploads/2020/09/image.png]
[ccvcl.org/wp-content/uploads/2020/09/image-6.png]
[ccvcl.org/wp-content/uploads/2020/09/image-5.png]
[ccvcl.org/bat-branding-assistive-technologies-for-social-good/beat-2019-2020-projects-and-video/index.html]
[ccvcl.org/wp-json/wp/v2/pages/2683.json]
[ccvcl.org/wp-json/oembed/1.0/embedf000.json]
[ccvcl.org/wp-json/oembed/1.0/embedaabd]
[ccvcl.org/csc-59866-7-capstone-i-ii-fall-2022-spring-2023/fall-2022-capstone-proposal-presentation-suggestions/index.html]
[ccvcl.org/wp-json/wp/v2/pages/3506.json]
[ccvcl.org/wp-json/oembed/1.0/embeda3ef.json]
[ccvcl.org/wp-json/oembed/1.0/embeda98d]
[ccvcl.org/beat-2023-assignment-4/index.html]
[ccvcl.org/wp-json/wp/v2/pages/3511.json]
[ccvcl.org/wp-json/oembed/1.0/embed7529.json]
[ccvcl.org/wp-json/oembed/1.0/embed689c]
[ccvcl.org/beat-2023-assignment-5/index.html]
[ccvcl.org/index10df.html]
[ccvcl.org/wp-json/wp/v2/pages/3396.json]
[ccvcl.org/wp-json/oembed/1.0/embedae4a.json]
[ccvcl.org/wp-json/oembed/1.0/embedec75]
[ccvcl.org/wp-content/uploads/2019/09/matlab.pdf]
[ccvcl.org/wp-content/uploads/2019/09/IDPicture.png]
[ccvcl.org/csc-i6716-fall-2023-assignment-1/index.html]
[ccvcl.org/wp-json/wp/v2/pages/3416.json]
[ccvcl.org/wp-json/oembed/1.0/embede928.json]
[ccvcl.org/wp-json/oembed/1.0/embedc222]
[ccvcl.org/csc-i6716-fall-2023-assignment-2/index.html]
[ccvcl.org/wp-json/wp/v2/pages/3446.json]
[ccvcl.org/wp-json/oembed/1.0/embed5839.json]
[ccvcl.org/wp-json/oembed/1.0/embed4621]
[ccvcl.org/wp-content/uploads/2019/10/calibrationpattern.gif]
[ccvcl.org/csc-i6716-fall-2023-assignment-3/index.html]
[ccvcl.org/wp-json/wp/v2/pages/3451.json]
[ccvcl.org/wp-json/oembed/1.0/embed1955.json]
[ccvcl.org/wp-json/oembed/1.0/embed9e4c]
[ccvcl.org/wp-content/uploads/2019/10/pic410.png]
[ccvcl.org/wp-content/uploads/2019/10/pic430.png]
[ccvcl.org/csc-i6716-fall-2023-assignment-4/index.html]
[ccvcl.org/wp-json/wp/v2/pages/2754.json]
[ccvcl.org/wp-json/oembed/1.0/embede210.json]
[ccvcl.org/wp-json/oembed/1.0/embed92c0]
[ccvcl.org/wp-content/uploads/2023/02/GC-Vision-Spring-2023-Grading.txt]
[ccvcl.org/wp-content/uploads/2024/05/GC-Vision-Spring-2023-Grading-Updated.txt]
[ccvcl.org/wp-content/uploads/2023/01/CVVC_Intro-Spring2023.pptx]
[ccvcl.org/wp-content/uploads/2023/01/Vision-n-Brain-1-Eyes-2023s.pptx]
[ccvcl.org/wp-content/uploads/2023/01/Vision-n-Brain-2-VisualBrain-2023s.pptx]
[ccvcl.org/wp-content/uploads/2023/01/Vision-n-Brain-3-Depth-2023s.pptx]
[ccvcl.org/wp-content/uploads/2023/01/Vision-n-Brain-4-Color-2023s.pptx]
[ccvcl.org/wp-content/uploads/2023/01/CVVC_Part1_FeatureExtraction-2023s.pptx]
[ccvcl.org/wp-content/uploads/2023/02/Computer-Vision-Course-Project-Ideas-Spring-2023.pptx]
[ccvcl.org/wp-content/uploads/2023/03/VisionExamRview-Spring2023.pptx]
[ccvcl.org/wp-content/uploads/2023/04/Computer-Vision-III-21-EFRI-Poems-2017.pdf]
[ccvcl.org/professor-zhigang-zhu/human-computer-vision-with-advanced-topics-spring-2023/index.html]
[ccvcl.org/indexa916.html]
[ccvcl.org/professor-zhigang-zhu/csc-212-assignment-1-spring-2023/index.html]
[ccvcl.org/csc-212-assignment-1-spring-2023/index.html]
[ccvcl.org/professor-zhigang-zhu/csc212-assignment-2-spring-2023/index.html]
[ccvcl.org/csc212-assignment-2-spring-2023/index.html]
[ccvcl.org/professor-zhigang-zhu/csc212-assignment-3-spring-2023/index.html]
[ccvcl.org/csc212-assignment-3-spring-2023/index.html]
[ccvcl.org/professor-zhigang-zhu/csc212-assignment-4-spring-2023/index.html]
[ccvcl.org/csc212-assignment-4-spring-2023/index.html]
[ccvcl.org/professor-zhigang-zhu/csc212-assignment-5-spring-2023/index.html]
[ccvcl.org/csc212-assignment-5-spring-2023/index.html]
[ccvcl.org/wp-json/wp/v2/pages/3070.json]
[ccvcl.org/wp-json/oembed/1.0/embeda42d.json]
[ccvcl.org/wp-json/oembed/1.0/embede919]
[ccvcl.org/csc212-assignment-6/index.html]
[ccvcl.org/index18bf.html]
[ccvcl.org/wp-json/wp/v2/pages/2659.json]
[ccvcl.org/wp-json/oembed/1.0/embed15fa.json]
[ccvcl.org/wp-json/oembed/1.0/embed2d79]
[ccvcl.org/csc-59866-7-capstone-i-ii-fall-2022-spring-2023/zahn-innovation-center-fall-2022-events/index.html]
[ccvcl.org/wp-json/wp/v2/pages/2720.json]
[ccvcl.org/wp-json/oembed/1.0/embedaab1.json]
[ccvcl.org/wp-json/oembed/1.0/embed37c2]
[ccvcl.org/csc-59866-7-capstone-i-ii-fall-2022-spring-2023/beat-2022-assignment-5/index.html]
[ccvcl.org/wp-json/wp/v2/pages/2729.json]
[ccvcl.org/wp-json/oembed/1.0/embed3e98.json]
[ccvcl.org/wp-json/oembed/1.0/embed70fc]
[ccvcl.org/csc-59866-7-capstone-i-ii-fall-2022-spring-2023/beat-2022-assignment-6/index.html]
[ccvcl.org/indexe6f0.html]
[ccvcl.org/wp-json/wp/v2/pages/2348.json]
[ccvcl.org/wp-json/oembed/1.0/embed8251.json]
[ccvcl.org/wp-json/oembed/1.0/embeda94d]
[ccvcl.org/professor-zhigang-zhu/csc-471-computer-vision-spring-2022/csc-471-spring-2022-assignment-1/index.html]
[ccvcl.org/wp-json/wp/v2/pages/2372.json]
[ccvcl.org/wp-json/oembed/1.0/embedbf9c.json]
[ccvcl.org/wp-json/oembed/1.0/embed07bd]
[ccvcl.org/professor-zhigang-zhu/csc-471-computer-vision-spring-2022/csc-471-spring-2022-assignment-2/index.html]
[ccvcl.org/wp-json/wp/v2/pages/2377.json]
[ccvcl.org/wp-json/oembed/1.0/embed1b1a.json]
[ccvcl.org/wp-json/oembed/1.0/embedc952]
[ccvcl.org/professor-zhigang-zhu/csc-471-computer-vision-spring-2022/csc-471-spring-2022-assignment-3/index.html]
[ccvcl.org/wp-json/wp/v2/pages/2382.json]
[ccvcl.org/wp-json/oembed/1.0/embed2dd5.json]
[ccvcl.org/wp-json/oembed/1.0/embedc18c]
[ccvcl.org/professor-zhigang-zhu/csc-471-computer-vision-spring-2022/csc-471-spring-2022-assignment-4/index.html]
[ccvcl.org/index5bd0.html]
[ccvcl.org/wp-json/wp/v2/pages/2340.json]
[ccvcl.org/wp-json/oembed/1.0/embedc6c7.json]
[ccvcl.org/wp-json/oembed/1.0/embed4c32]
[ccvcl.org/professor-zhigang-zhu/computer-vision-and-image-processing-spring-2022/computer-vision-spring-2022-assignment-1/index.html]
[ccvcl.org/wp-json/wp/v2/pages/2456.json]
[ccvcl.org/wp-json/oembed/1.0/embed2b95.json]
[ccvcl.org/wp-json/oembed/1.0/embede3e6]
[ccvcl.org/professor-zhigang-zhu/computer-vision-and-image-processing-spring-2022/computer-vision-spring-2022-assignment-2/index.html]
[ccvcl.org/wp-json/wp/v2/pages/2462.json]
[ccvcl.org/wp-json/oembed/1.0/embed4c61.json]
[ccvcl.org/wp-json/oembed/1.0/embed0d50]
[ccvcl.org/professor-zhigang-zhu/computer-vision-and-image-processing-spring-2022/computer-vision-spring-2022-assignment-3/index.html]
[ccvcl.org/indexd19f.html]
[ccvcl.org/wp-json/wp/v2/pages/2089.json]
[ccvcl.org/wp-json/oembed/1.0/embed9ae7.json]
[ccvcl.org/wp-json/oembed/1.0/embedf6cf]
[ccvcl.org/professor-zhigang-zhu/csc-59866-7-capstone-i-ii-fall-2021-spring-2022/capstone-proposal-presentation-suggestions/index.html]
[ccvcl.org/wp-json/wp/v2/pages/2213.json]
[ccvcl.org/wp-json/oembed/1.0/embed9f9c.json]
[ccvcl.org/wp-json/oembed/1.0/embedaec3]
[ccvcl.org/professor-zhigang-zhu/csc-59866-7-capstone-i-ii-fall-2021-spring-2022/beat-2021-assignment-5/index.html]
[ccvcl.org/wp-json/wp/v2/pages/2216.json]
[ccvcl.org/wp-json/oembed/1.0/embeda1cd.json]
[ccvcl.org/wp-json/oembed/1.0/embed04e8]
[ccvcl.org/professor-zhigang-zhu/csc-59866-7-capstone-i-ii-fall-2021-spring-2022/beat-2021-assignment-6/index.html]
[ccvcl.org/indexde16.html]
[ccvcl.org/wp-json/wp/v2/pages/2152.json]
[ccvcl.org/wp-json/oembed/1.0/embed380e.json]
[ccvcl.org/wp-json/oembed/1.0/embed0769]
[ccvcl.org/professor-zhigang-zhu/computer-vision-fall-2021/csc-i6716-fall-2021-assignment-1/index.html]
[ccvcl.org/wp-json/wp/v2/pages/2156.json]
[ccvcl.org/wp-json/oembed/1.0/embed5585.json]
[ccvcl.org/wp-json/oembed/1.0/embed4532]
[ccvcl.org/professor-zhigang-zhu/computer-vision-fall-2021/csc-i6716-fall-2021-assignment-2/index.html]
[ccvcl.org/wp-json/wp/v2/pages/2183.json]
[ccvcl.org/wp-json/oembed/1.0/embedfa36.json]
[ccvcl.org/wp-json/oembed/1.0/embed61a1]
[ccvcl.org/professor-zhigang-zhu/computer-vision-fall-2021/csc-i6716-fall-2021-assignment-3/index.html]
[ccvcl.org/wp-json/wp/v2/pages/2208.json]
[ccvcl.org/wp-json/oembed/1.0/embeda0b0.json]
[ccvcl.org/wp-json/oembed/1.0/embed2e5f]
[ccvcl.org/professor-zhigang-zhu/computer-vision-fall-2021/csc-i6716-fall-2021-assignment-4/index.html]
[ccvcl.org/wp-json/wp/v2/pages/1455.json]
[ccvcl.org/wp-json/oembed/1.0/embed6bad.json]
[ccvcl.org/wp-json/oembed/1.0/embedc020]
[ccvcl.org/wp-content/uploads/2021/03/CV-Spring-2021-Grading.txt]
[ccvcl.org/wp-content/uploads/2021/01/CVVC_Part1_Intro-Spring2021.pptx]
[ccvcl.org/wp-content/uploads/2021/04/VisionExamRview-Spring2021.pptx]
[ccvcl.org/computer-vision-and-image-processing-spring-2021/index.html]
[ccvcl.org/wp-json/wp/v2/pages/1579.json]
[ccvcl.org/wp-json/oembed/1.0/embed5ce4.json]
[ccvcl.org/wp-json/oembed/1.0/embed9588]
[ccvcl.org/data-structures-spring-2021/zzhu@ccny.cuny.edu]
[ccvcl.org/wp-content/uploads/2021/02/CSc212-EF-Spring-2021-Quizzes.txt]
[ccvcl.org/wp-content/uploads/2021/02/CSc212-EF-Spring-2021-Assignments.txt]
[ccvcl.org/wp-content/uploads/2021/03/CSc212-EF-Spring-2021-Exams.txt]
[ccvcl.org/wp-content/uploads/2021/01/CSc212-Lecture01-Introduction-Spring-2021.pptx]
[ccvcl.org/wp-content/uploads/2021/02/ExamReview1-2021.pptx]
[ccvcl.org/wp-content/uploads/2021/03/ExamReview2-2021.pptx]
[ccvcl.org/wp-content/uploads/2021/04/ExamReview3-2021.pptx]
[ccvcl.org/data-structures-spring-2021/index.html]
[ccvcl.org/wp-json/wp/v2/pages/1208.json]
[ccvcl.org/wp-json/oembed/1.0/embed12aa.json]
[ccvcl.org/wp-json/oembed/1.0/embed5786]
[ccvcl.org/wp-content/uploads/2020/08/CEN-BAT-Zhu-2020-Intro.pptx]
[ccvcl.org/wp-content/uploads/2020/08/Capstone-2020-Project-Ideas-ZHU.pptx]
[ccvcl.org/wp-content/uploads/2020/08/Capstone-Proposal-Quad-Chart-2020.pptx]
[ccvcl.org/wp-content/uploads/2020/09/Capstone-Fall2020-Grading.txt]
[ccvcl.org/wp-content/uploads/2021/03/Capstone-Spring2021-Grading.txt]
[ccvcl.org/wp-content/uploads/2021/03/Capstone-Project-MidTerm-Presentation-Evaluation-Form-Spring-2021.docx]
[ccvcl.org/wp-content/uploads/2021/03/Capstone-Project-FInal-Presentation-Evaluation-Form-Spring-2021.docx]
[ccvcl.org/wp-content/uploads/2021/01/Capstone-Project-FInal-Presentation-and-Report-Requirements-Spring-2021.pdf]
[ccvcl.org/wp-content/uploads/2021/05/CS-CCNY-Industry-Day-Spring-2021.png]
[ccvcl.org/csc-59866-7-capstone-i-ii-fall-2020-spring-2021/index.html]
[ccvcl.org/wp-json/wp/v2/pages/1194.json]
[ccvcl.org/wp-json/oembed/1.0/embedf1cd.json]
[ccvcl.org/wp-json/oembed/1.0/embedcdd4]
[ccvcl.org/wp-content/uploads/2020/10/CV-Fall2020-Grading.txt]
[ccvcl.org/wp-content/uploads/2020/08/CVVC_Part1_Intro-Fall2020.pptx]
[ccvcl.org/wp-content/uploads/2020/11/VisionExamRview-Fall2020.pptx]
[ccvcl.org/computer-vision-fall-2020/index.html]
[ccvcl.org/indexf573.html]
[ccvcl.org/professor-zhigang-zhu/computer-vision-and-image-processing-spring-2020/computer-vision-spring-2020-assignment-1/index.html]
[ccvcl.org/computer-vision-spring-2020-assignment-2/index.html]
[ccvcl.org/computer-vision-and-image-processing-spring-2020/computer-vision-spring-2020-assignment-2/index.html]
[ccvcl.org/professor-zhigang-zhu/computer-vision-and-image-processing-spring-2020/computer-vision-spring-2020-assignment3/index.html]
[ccvcl.org/professor-zhigang-zhu/computer-vision-and-image-processing-spring-2020/computer-vision-spring-2020-assignment-4/index.html]
[ccvcl.org/index2bd3.html]
[ccvcl.org/data-structures-spring-2020/zzhu@ccny.cuny.html]
[ccvcl.org/professor-zhigang-zhu/data-structures-spring-2020/csc-212-assignment-1/index.html]
[ccvcl.org/professor-zhigang-zhu/data-structures-spring-2020/csc212-assignment-2/index.html]
[ccvcl.org/csc212-assignment-3/index.html]
[ccvcl.org/data-structures-spring-2020/csc212-assignment-3/index.html]
[ccvcl.org/professor-zhigang-zhu/data-structures-spring-2020/csc212-assignment-4/index.html]
[ccvcl.org/professor-zhigang-zhu/data-structures-spring-2020/csc212-assignment-5/index.html]
[ccvcl.org/professor-zhigang-zhu/data-structures-spring-2020/csc212-assignment-6/index.html]
[ccvcl.org/indexd073.html]
[ccvcl.org/wp-json/wp/v2/pages/1145.json]
[ccvcl.org/wp-json/oembed/1.0/embedf72f.json]
[ccvcl.org/wp-json/oembed/1.0/embedbb23]
[ccvcl.org/bat-branding-assistive-technologies-for-social-good/beat-project-video-2019-2020/index.html]
[ccvcl.org/bat-2019-assignment-5/index.html]
[ccvcl.org/bat-branding-assistive-technologies-for-social-good/bat-2019-assignment-5/index.html]
[ccvcl.org/bat-2019-assignment-6/index.html]
[ccvcl.org/bat-branding-assistive-technologies-for-social-good/bat-2019-assignment-6/index.html]
[ccvcl.org/wp-json/wp/v2/pages/584.json]
[ccvcl.org/wp-json/oembed/1.0/embed6958.json]
[ccvcl.org/wp-json/oembed/1.0/embed2224]
[ccvcl.org/wp-content/uploads/2019/10/CV-Fall2019-Grading.txt]
[ccvcl.org/wp-content/uploads/2019/12/Vision-Project-Titles-and-Teams-Fall-2019.pdf]
[ccvcl.org/wp-content/uploads/2019/09/CVVC_Part1_Intro-Fall2019.pptx]
[ccvcl.org/home/computer-vision-fall-2019/index.html]
[ccvcl.org/home/computer-vision-fall-2019/csc-i6716-fall-2019-assignment-1/index.html]
[ccvcl.org/wp-admin/images/wordpress-logo7d6b.svg]
[ccvcl.org/home/computer-vision-fall-2019/csc-i6716-fall-2019-assignment-2/index.html]
[ccvcl.org/home/computer-vision-fall-2019/csc-i6716-fall-2019-assignment-3/index.html]
[ccvcl.org/home/computer-vision-fall-2019/csc-i6716-fall-2019-assignment-4/index.html]
[ccvcl.org/favicon.html]
[ccvcl.org/media/css/style.html]
[ccvcl.org/media/css/highlight.html]
[ccvcl.org/media/js/jquery-1.7.1.min.html]
[ccvcl.org/_fhu/Assignments/Assignment_Submission_System/light.359.delayed]
[ccvcl.org/_fhu/Assignments/Assignment_Submission_System/download.html]
[ccvcl.org/_fhu/Sample_Code_CSc212/Lecture_2_code/point.h]
[ccvcl.org/_fhu/Sample_Code_CSc212/Lecture_2_code/point.cxx]
[ccvcl.org/_fhu/Sample_Code_CSc212/Lecture_2_code/pointmain1.cxx]
[ccvcl.org/_fhu/Sample_Code_CSc212/Lecture_2_code/newpoint.h]
[ccvcl.org/_fhu/Sample_Code_CSc212/Lecture_2_code/newpoint.cxx]
[ccvcl.org/_fhu/Sample_Code_CSc212/Lecture_2_code/point-ppt.html]
[ccvcl.org/_fhu/Sample_Code_CSc212/Lecture_2_code/pointmain2.cxx]
[ccvcl.org/_fhu/Assignments/Assignment_1/stats.h]
[ccvcl.org/_fhu/Assignments/Assignment_Submission_System/upload.html]
[ccvcl.org/_fhu/Assignments/Assignment_1/stattest.cxx]
[ccvcl.org/_fhu/Assignments/Assignment_1/statexam.cxx]
[ccvcl.org/_fhu/CSC212-2016-assignment1.html]
[ccvcl.org/_fhu/Sample_Code_CSc212/Lecture4_Sample_Code/bag1.h]
[ccvcl.org/_fhu/Sample_Code_CSc212/Lecture4_Sample_Code/bag1.cxx]
[ccvcl.org/_fhu/Sample_Code_CSc212/Lecture4_Sample_Code/bag_demo.cxx]
[ccvcl.org/_fhu/Sample_Code_CSc212/Lecture4_Sample_Code/sequence1.h]
[ccvcl.org/_fhu/Sample_Code_CSc212/Lecture4_Sample_Code/sequence_test.cxx]
[ccvcl.org/_fhu/Sample_Code_CSc212/Lecture4_Sample_Code/bag-ppt.html]
[ccvcl.org/_fhu/Assignments/Assignment_2/sequence1.h]
[ccvcl.org/_fhu/Assignments/Assignment_2/sequence_test.cxx]
[ccvcl.org/_fhu/Assignments/Assignment_2/sequence_exam.cxx]
[ccvcl.org/_fhu/Assignments/Assignment_2/CSC212-2016-assignment2.html]
[ccvcl.org/_fhu/Sample_Code_CSc212/Lecture_7_Sample_Code/newpoint.h]
[ccvcl.org/_fhu/Sample_Code_CSc212/Lecture_7_Sample_Code/newpoint.cxx]
[ccvcl.org/_fhu/Sample_Code_CSc212/Lecture_7_Sample_Code/pointmain3.cxx]
[ccvcl.org/_fhu/Sample_Code_CSc212/Lecture_7_Sample_Code/point3-ppt.html]
[ccvcl.org/_fhu/Sample_Code_CSc212/Lecture_8_Sample_Code/bag2.h]
[ccvcl.org/_fhu/Sample_Code_CSc212/Lecture_8_Sample_Code/bag2.cxx]
[ccvcl.org/_fhu/Sample_Code_CSc212/Lecture_8_Sample_Code/bag2demo.cxx]
[ccvcl.org/_fhu/Sample_Code_CSc212/Lecture_8_Sample_Code/bag2-ppt.html]
[ccvcl.org/_fhu/Assignments/Assignment_3/sequence2.h]
[ccvcl.org/_fhu/Assignments/Assignment_3/sequence1.h]
[ccvcl.org/_fhu/Assignments/Assignment_3/sequence_test.cxx]
[ccvcl.org/_fhu/Assignments/Assignment_3/seq_ex2.cxx]
[ccvcl.org/_fhu/Assignments/Assignment_3/seq_ex2_MinGW.cxx]
[ccvcl.org/_fhu/Assignments/Assignment_3/CSC212-2016-assignment3.html]
[ccvcl.org/_fhu/Sample_Code_CSc212/Lecture_10_Sample_Code/bag3-ppt.html]
[ccvcl.org/_fhu/Sample_Code_CSc212/Lecture_9_Sample_Code/node1.h]
[ccvcl.org/_fhu/Sample_Code_CSc212/Lecture_9_Sample_Code/node1.cxx]
[ccvcl.org/_fhu/Sample_Code_CSc212/Lecture_9_Sample_Code/node1-ppt.html]
[ccvcl.org/_fhu/Assignments/Assignment_4/sequence3.h]
[ccvcl.org/_fhu/Assignments/Assignment_4/sequence1.h]
[ccvcl.org/_fhu/Assignments/Assignment_4/sequence2.h]
[ccvcl.org/_fhu/Assignments/Assignment_4/node1.h]
[ccvcl.org/_fhu/Assignments/Assignment_4/node1.cxx]
[ccvcl.org/_fhu/Assignments/Assignment_4/sequence_test.cxx]
[ccvcl.org/_fhu/Assignments/Assignment_4/seq_ex3.cxx]
[ccvcl.org/_fhu/Assignments/Assignment_4/CSC212-2016-assignment4.html]
[ccvcl.org/_fhu/Sample_Code_CSc212/Lecture_11_Sample_Code/bag4.h]
[ccvcl.org/_fhu/Sample_Code_CSc212/Lecture_11_Sample_Code/bag4.template]
[ccvcl.org/_fhu/Sample_Code_CSc212/Lecture_11_Sample_Code/bag4demo.cxx]
[ccvcl.org/_fhu/Sample_Code_CSc212/Lecture_11_Sample_Code/bag5.h]
[ccvcl.org/_fhu/Sample_Code_CSc212/Lecture_11_Sample_Code/bag5.template]
[ccvcl.org/_fhu/Sample_Code_CSc212/Lecture_11_Sample_Code/bag5-ppt.html]
[ccvcl.org/_fhu/Sample_Code_CSc212/Lecture_11_Sample_Code/node2.h]
[ccvcl.org/_fhu/Sample_Code_CSc212/Lecture_11_Sample_Code/node2.template]
[ccvcl.org/_fhu/Sample_Code_CSc212/Lecture_11_Sample_Code/n2demo.cxx]
[ccvcl.org/_fhu/Sample_Code_CSc212/Lecture_11_Sample_Code/node2-ppt.html]
[ccvcl.org/_fhu/Sample_Code_CSc212/Lecture_12_Sample_Code/stack1.h]
[ccvcl.org/_fhu/Sample_Code_CSc212/Lecture_12_Sample_Code/stack1.template]
[ccvcl.org/_fhu/Sample_Code_CSc212/Lecture_12_Sample_Code/stack2.h]
[ccvcl.org/_fhu/Sample_Code_CSc212/Lecture_12_Sample_Code/stack2.template]
[ccvcl.org/_fhu/Sample_Code_CSc212/Lecture_12_Sample_Code/node2.h]
[ccvcl.org/_fhu/Sample_Code_CSc212/Lecture_12_Sample_Code/node2.tmplate]
[ccvcl.org/_fhu/Sample_Code_CSc212/Lecture_12_Sample_Code/parens.cxx]
[ccvcl.org/_fhu/Sample_Code_CSc212/Lecture_12_Sample_Code/calc.cxx]
[ccvcl.org/_fhu/Sample_Code_CSc212/Lecture_12_Sample_Code/stack-ppt.html]
[ccvcl.org/_fhu/Sample_Code_CSc212/Lecture_12_Sample_Code/queue1.h]
[ccvcl.org/_fhu/Sample_Code_CSc212/Lecture_12_Sample_Code/queue1.template]
[ccvcl.org/_fhu/Sample_Code_CSc212/Lecture_12_Sample_Code/queue2.h]
[ccvcl.org/_fhu/Sample_Code_CSc212/Lecture_12_Sample_Code/queue2.template]
[ccvcl.org/_fhu/Sample_Code_CSc212/Lecture_12_Sample_Code/node2.template]
[ccvcl.org/_fhu/Sample_Code_CSc212/Lecture_12_Sample_Code/pal.cxx]
[ccvcl.org/_fhu/Sample_Code_CSc212/Lecture_12_Sample_Code/washing.h]
[ccvcl.org/_fhu/Sample_Code_CSc212/Lecture_12_Sample_Code/washing.cxx]
[ccvcl.org/_fhu/Sample_Code_CSc212/Lecture_12_Sample_Code/ââ]
[ccvcl.org/_fhu/Sample_Code_CSc212/Lecture_12_Sample_Code/queue-ppt.html]
[ccvcl.org/_fhu/Assignments/Assignment_5/CSC212-2016-assignment5.html]
[ccvcl.org/_fhu/Sample_Code_CSc212/Lecture_15_Sample_Code/bintree.h]
[ccvcl.org/_fhu/Sample_Code_CSc212/Lecture_15_Sample_Code/bintree.template]
[ccvcl.org/_fhu/Sample_Code_CSc212/Lecture_15_Sample_Code/tree-ppt.html]
[ccvcl.org/_fhu/Assignments/Assignment_6/bag6.h]
[ccvcl.org/_fhu/Assignments/Assignment_6/bag6.template]
[ccvcl.org/_fhu/Assignments/Assignment_6/bintree.h]
[ccvcl.org/_fhu/Assignments/Assignment_6/bintree.template]
[ccvcl.org/_fhu/Assignments/Assignment_6/bagtest.cxx]
[ccvcl.org/_fhu/Assignments/Assignment_6/bagexam.cxx]
[ccvcl.org/_fhu/Assignments/Assignment_6/CSC212-2016-assignment6.html]
[ccvcl.org/_fhu/Sample_Code_CSc212/Lecture22_Sample_code/select.cxx]
[ccvcl.org/_fhu/Sample_Code_CSc212/Lecture22_Sample_code/merge.cxx]
[ccvcl.org/_fhu/Sample_Code_CSc212/Lecture22_Sample_code/heapsort.cxx]
[ccvcl.org/_fhu/Sample_Code_CSc212/Lecture22_Sample_code/heap.h]
[ccvcl.org/_fhu/Sample_Code_CSc212/Lecture22_Sample_code/heap.template]
[ccvcl.org/_fhu/Sample_Code_CSc212/Lecture22_Sample_code/heap_sort.cxx]
[ccvcl.org/_fhu/Sample_Code_CSc212/Lecture22_Sample_code/sort-code.html]
[ccvcl.org/indexe3b6.html]
[ccvcl.org/indexae92.html]
[ccvcl.org/index58f6.html]
[ccvcl.org/index2020.html]
[ccvcl.org/indexfc84.html]
[ccvcl.org/index3cc5.html]
[ccvcl.org/index858f.html]
[ccvcl.org/index8bf7.html]
[ccvcl.org/index21de.html]
[ccvcl.org/index1ccd.html]
[ccvcl.org/indexaa98.html]
[ccvcl.org/indexb726.html]
[ccvcl.org/indexc0ef.html]
[ccvcl.org/professor-zhigang-zhu/computer-vision-spring-2023-assignment-1/index.html]
[ccvcl.org/professor-zhigang-zhu/computer-vision-spring-2023-assignment-2/index.html]
[ccvcl.org/professor-zhigang-zhu/computer-vision-spring-2023-assignment-3/index.html]
[ccvcl.org/wp-json/wp/v2/pages/2904.json]
[ccvcl.org/computer-vision-spring-2023-assignment-1/index.html]
[ccvcl.org/computer-vision-spring-2023-assignment-2/index.html]
[ccvcl.org/computer-vision-spring-2023-assignment-3/index.html]
[ccvcl.org/wp-json/oembed/1.0/embed09f9.json]
[ccvcl.org/wp-json/oembed/1.0/embeda1c5]
[ccvcl.org/csc-212-assignment-1-spring-2023/index.html]
[ccvcl.org/wp-json/wp/v2/pages/2953.json]
[ccvcl.org/wp-json/oembed/1.0/embed04f9.json]
[ccvcl.org/wp-json/oembed/1.0/embedb326]
[ccvcl.org/csc212-assignment-2-spring-2023/index.html]
[ccvcl.org/wp-json/wp/v2/pages/2958.json]
[ccvcl.org/wp-json/oembed/1.0/embedede1.json]
[ccvcl.org/wp-json/oembed/1.0/embeda51a]
[ccvcl.org/csc212-assignment-3-spring-2023/index.html]
[ccvcl.org/wp-json/wp/v2/pages/3009.json]
[ccvcl.org/wp-json/oembed/1.0/embedf5c0.json]
[ccvcl.org/wp-json/oembed/1.0/embede868]
[ccvcl.org/csc212-assignment-4-spring-2023/index.html]
[ccvcl.org/wp-json/wp/v2/pages/3019.json]
[ccvcl.org/wp-json/oembed/1.0/embedd041.json]
[ccvcl.org/wp-json/oembed/1.0/embedcd58]
[ccvcl.org/csc212-assignment-5-spring-2023/index.html]
[ccvcl.org/indexf335.html]
[ccvcl.org/indexbf56.html]
[ccvcl.org/index546c.html]
[ccvcl.org/index764f.html]
[ccvcl.org/index5c68.html]
[ccvcl.org/indexaa19.html]
[ccvcl.org/index482c.html]
[ccvcl.org/index1c8c.html]
[ccvcl.org/index4203.html]
[ccvcl.org/indexbc32.html]
[ccvcl.org/index7169.html]
[ccvcl.org/index00bc.html]
[ccvcl.org/index97bf.html]
[ccvcl.org/index6033.html]
[ccvcl.org/index9dca.html]
[ccvcl.org/indexc91a.html]
[ccvcl.org/indexbe44.html]
[ccvcl.org/indexd7b5.html]
[ccvcl.org/indexe11a.html]
[ccvcl.org/professor-zhigang-zhu/computer-vision-and-image-processing-spring-2021/computer-vision-spring-2021-assignment-1/index.html]
[ccvcl.org/professor-zhigang-zhu/computer-vision-and-image-processing-spring-2021/computer-vision-spring-2021-assignment-2/index.html]
[ccvcl.org/professor-zhigang-zhu/computer-vision-and-image-processing-spring-2021/computer-vision-spring-2021-assignment-3/index.html]
[ccvcl.org/indexade3.html]
[ccvcl.org/data-structures-spring-2021/zzhu@ccny.cuny.html]
[ccvcl.org/professor-zhigang-zhu/data-structures-spring-2021/csc-212-assignment-1/index.html]
[ccvcl.org/professor-zhigang-zhu/data-structures-spring-2021/csc212-assignment-2/index.html]
[ccvcl.org/professor-zhigang-zhu/data-structures-spring-2021/csc212-assignment-3/index.html]
[ccvcl.org/professor-zhigang-zhu/data-structures-spring-2021/csc212-assignment-4/index.html]
[ccvcl.org/professor-zhigang-zhu/data-structures-spring-2021/csc212-assignment-5/index.html]
[ccvcl.org/professor-zhigang-zhu/data-structures-spring-2021/csc212-assignment-6/index.html]
[ccvcl.org/index8330.html]
[ccvcl.org/professor-zhigang-zhu/csc-59866-7-capstone-i-ii-fall-2020-spring-2021/beat-presentation-suggestions/index.html]
[ccvcl.org/professor-zhigang-zhu/csc-59866-7-capstone-i-ii-fall-2020-spring-2021/beat-2020-assignment-5/index.html]
[ccvcl.org/professor-zhigang-zhu/csc-59866-7-capstone-i-ii-fall-2020-spring-2021/beat-2020-assignment-6/index.html]
[ccvcl.org/index854d.html]
[ccvcl.org/professor-zhigang-zhu/computer-vision-fall-2020/csc-i6716-fall-2020-assignment-1/index.html]
[ccvcl.org/professor-zhigang-zhu/computer-vision-fall-2020/csc-i6716-fall-2020-assignment-2/index.html]
[ccvcl.org/professor-zhigang-zhu/computer-vision-fall-2020/csc-i6716-fall-2020-assignment-3/index.html]
[ccvcl.org/csc-i6716-fall-2020-assignment-4/index.html]
[ccvcl.org/wp-json/wp/v2/pages/946.json]
[ccvcl.org/computer-vision-fall-2020/csc-i6716-fall-2020-assignment-4/index.html]
[ccvcl.org/wp-json/oembed/1.0/embedb428.json]
[ccvcl.org/wp-json/oembed/1.0/embed8536]
[ccvcl.org/computer-vision-and-image-processing-spring-2020/computer-vision-spring-2020-assignment-2/index.html]
[ccvcl.org/wp-json/wp/v2/pages/906.json]
[ccvcl.org/wp-json/oembed/1.0/embed490c.json]
[ccvcl.org/wp-json/oembed/1.0/embed7dc6]
[ccvcl.org/data-structures-spring-2020/csc212-assignment-3/index.html]
[ccvcl.org/indexfdfc.html]
[ccvcl.org/wp-json/wp/v2/pages/686.json]
[ccvcl.org/wp-json/oembed/1.0/embed9798.json]
[ccvcl.org/wp-json/oembed/1.0/embed11d8]
[ccvcl.org/bat-branding-assistive-technologies-for-social-good/bat-2019-assignment-5/index.html]
[ccvcl.org/wp-json/wp/v2/pages/689.json]
[ccvcl.org/wp-json/oembed/1.0/embed31d2.json]
[ccvcl.org/wp-json/oembed/1.0/embeda78f]
[ccvcl.org/bat-branding-assistive-technologies-for-social-good/bat-2019-assignment-6/index.html]
[ccvcl.org/index63e6.html]
[ccvcl.org/wp-json/wp/v2/pages/653.json]
[ccvcl.org/wp-json/oembed/1.0/embed38be.json]
[ccvcl.org/wp-json/oembed/1.0/embed012d]
[ccvcl.org/home/computer-vision-fall-2019/csc-i6716-fall-2019-assignment-1/index.html]
[ccvcl.org/wp-json/wp/v2/pages/665.json]
[ccvcl.org/wp-json/oembed/1.0/embedc0c0.json]
[ccvcl.org/wp-json/oembed/1.0/embed9b1b]
[ccvcl.org/home/computer-vision-fall-2019/csc-i6716-fall-2019-assignment-2/index.html]
[ccvcl.org/wp-json/wp/v2/pages/773.json]
[ccvcl.org/wp-json/oembed/1.0/embed78bb.json]
[ccvcl.org/wp-json/oembed/1.0/embedc408]
[ccvcl.org/home/computer-vision-fall-2019/csc-i6716-fall-2019-assignment-3/index.html]
[ccvcl.org/wp-json/wp/v2/pages/787.json]
[ccvcl.org/wp-json/oembed/1.0/embedb0c9.json]
[ccvcl.org/wp-json/oembed/1.0/embed7147]
[ccvcl.org/home/computer-vision-fall-2019/csc-i6716-fall-2019-assignment-4/index.html]
[ccvcl.org/category/uncategorized/feed/index.html]
[ccvcl.org/_fhu/Assignments/Assignment_Submission_System/light.html]
[ccvcl.org/_fhu/Assignments/Assignment_Submission_System/upload.html]
[ccvcl.org/_fhu/Sample_Code_CSc212/Lecture_12_Sample_Code/node2.html]
[ccvcl.org/_fhu/Sample_Code_CSc212/Lecture_12_Sample_Code/ââ.html]
[ccvcl.org/_fhu/Smart311.mp4]
[ccvcl.org/multimodal-collaborative-sensing-and-identification-using-deep-learning-for-intelligence-surveillance-and-reconnaissance-isr-applications/feed/index.html]
[ccvcl.org/course-and-program-assistive-technologies-for-the-blind/feed/index.html]
[ccvcl.org/efri-m3c-map4vip-man-machine-co-learning-for-visually-impaired-people/feed/index.html]
[ccvcl.org/a-system-approach-to-adaptive-multi-modal-sensor-designs/feed/index.html]
[ccvcl.org/nsf-computing-research-infrastructure-cri-program-center-of-perceptual-robotics-intelligent-sensors-and-machines-prism/feed/index.html]
[ccvcl.org/cb3m-content-based-3d-mosaics-with-dynamic-pushbroom-stereo/feed/index.html]
[ccvcl.org/cooperative-wall-climbing-robots-for-surveillance-and-target-tracking/feed/index.html]
[ccvcl.org/gamma-x-ray-linear-pushbroom-stereo-for-3d-cargo-inspection/feed/index.html]
[ccvcl.org/ieee-nsf-workshop-on-multimodal-and-alternative-perception-for-visually-impaired-people-map4vip/feed/index.html]
[ccvcl.org/i-corpstransforming-2d-video-into-an-interactive-3d-viewing-experience/feed/index.html]
[ccvcl.org/2d-parallel-mosaics-for-under-vehicle-inspection/feed/index.html]
[ccvcl.org/high-accuracy-on-line-measurement-system-of-important-parts/feed/index.html]
[ccvcl.org/panoramic-virtual-stereo-and-human-tracking-in-a-smart-room/feed/index.html]
[ccvcl.org/geo-registered-mosaicing-and-stereo-mosaicing-for-environmental-monitoring/feed/index.html]
[ccvcl.org/prism-parallel-ray-interpolation-for-stereo-mosaicing/feed/index.html]
[ccvcl.org/lamp-3d-layered-adaptive-resolution-and-multi-perspective-panorama/feed/index.html]
[ccvcl.org/post-visual-navigation-by-integrating-panoramic-vision-omnidirectional-vision-and-stereo-vision/feed/index.html]
[ccvcl.org/localization-and-recognition-of-characters-and-numbers-on-moving-freight-trains/feed/index.html]
[ccvcl.org/wp-json/wp/v2/pages/2875.json]
[ccvcl.org/wp-json/oembed/1.0/embedd067.json]
[ccvcl.org/wp-json/oembed/1.0/embed252c]
[ccvcl.org/computer-vision-spring-2023-assignment-1/index.html]
[ccvcl.org/wp-json/wp/v2/pages/2981.json]
[ccvcl.org/wp-json/oembed/1.0/embed084f.json]
[ccvcl.org/wp-json/oembed/1.0/embede5fb]
[ccvcl.org/computer-vision-spring-2023-assignment-2/index.html]
[ccvcl.org/wp-json/wp/v2/pages/2992.json]
[ccvcl.org/wp-json/oembed/1.0/embedd304.json]
[ccvcl.org/wp-json/oembed/1.0/embed42c3]
[ccvcl.org/computer-vision-spring-2023-assignment-3/index.html]
[ccvcl.org/indexa2d4.html]
[ccvcl.org/index5ed6.html]
[ccvcl.org/indexc04f.html]
[ccvcl.org/indexf65c.html]
[ccvcl.org/index3cdf.html]
[ccvcl.org/wp-json/wp/v2/pages/1393.json]
[ccvcl.org/wp-json/oembed/1.0/embed74eb.json]
[ccvcl.org/wp-json/oembed/1.0/embed496b]
[ccvcl.org/computer-vision-fall-2020/csc-i6716-fall-2020-assignment-4/index.html]
[ccvcl.org/indexdca8.html]
[ccvcl.org/indexea3e.html]
[ccvcl.org/index3f66.html]
[ccvcl.org/index1b7b.html]
[ccvcl.org/index5d49.html]
[ccvcl.org/index2bcd.html]
[ccvcl.org/indexb648.html]
[ccvcl.org/index3f90.html]
[ccvcl.org/indexdb5c.html]
[ccvcl.org/indexb7a3.html]
[ccvcl.org/indexd7d1.html]
[ccvcl.org/index1aa7.html]
